t01: Average distance of an empty tree should be 0.
Average distance of nodes to root = 0
