<1> is not in tree.
<2> is in tree.
{2}
3
{2}
<3> is not in tree.
7
Average distance of nodes to root = 0.5
{2, 6}
Average distance of nodes to root = 0.5
{2, 6}
{2, 6}
2
Average distance of nodes to root = 0.5
{2, 6, 3}
{2, 3, 6}
Tree is not balanced.
<4> is not in tree.
<3> is in tree.
Tree is not balanced.
<6> is in tree.
Average distance of nodes to root = 1
{2, 6, 3}
{2, 6, 3}
3
1
{2, 6, 3}
Average distance of nodes to root = 1
Average distance of nodes to root = 1
{2, 6, 3}
<3> is in tree.
Average distance of nodes to root = 1
{2, 6, 3}
Average distance of nodes to root = 1
{2, 6, 3}
Tree is not balanced.
{2, 3, 6}
3
{2, 1, 6, 3}
4
6
4
6
4
Average distance of nodes to root = 1.2
5
Average distance of nodes to root = 1.2
Average distance of nodes to root = 1.5
6
Tree is not balanced.
3
Tree is not balanced.
6
Tree is not balanced.
6
1
3
Tree is not balanced.
Average distance of nodes to root = 1.57143
7
Tree is balanced.
{2, 1, 6, 0, 3, 7, 5}
Tree is balanced.
{0, 1, 2, 3, 5, 6, 7}
Average distance of nodes to root = 1.57143
Tree is balanced.
6
Tree is balanced.
{2, 1, 6, 0, 3, 7, 5}
7
4
{0, 1, 2, 3, 5, 6, 7}
7
Tree is balanced.
3
Tree is balanced.
6
<6> is in tree.
{0, 1, 2, 3, 5, 6, 7}
<2> is in tree.
3
{2, 1, 6, 0, 3, 7, 5}
{0, 1, 2, 3, 5, 6, 7}
Tree is balanced.
Average distance of nodes to root = 1.57143
Average distance of nodes to root = 1.57143
<5> is in tree.
{0, 1, 2, 3, 5, 6, 7}
7
Tree is balanced.
Tree is balanced.
{2, 1, 6, 0, 3, 7, 5}
{2, 1, 6, 0, 3, 7, 5}
{0, 1, 2, 3, 5, 6, 7}
Tree is balanced.
{0, 1, 2, 3, 5, 6, 7}
Tree is balanced.
Average distance of nodes to root = 1.57143
<3> is in tree.
{2, 1, 6, 0, 3, 7, 5}
0
<0> is in tree.
7
<5> is in tree.
7
<0> is in tree.
{2, 1, 6, 0, 3, 7, 5}
7
7
{2, 1, 6, 0, 3, 7, 5}
7
7
{0, 1, 2, 3, 5, 6, 7}
{2, 1, 6, 0, 3, 7, 5}
Tree is balanced.
Tree is balanced.
7
3
5
Average distance of nodes to root = 1.57143
<2> is in tree.
Average distance of nodes to root = 1.57143
<0> is in tree.
<5> is in tree.
Tree is balanced.
5
Tree is balanced.
7
{0, 1, 2, 3, 5, 6, 7}
Tree is balanced.
7
Average distance of nodes to root = 1.57143
Average distance of nodes to root = 1.57143
{2, 1, 6, 0, 3, 7, 5}
Tree is balanced.
7
Tree is balanced.
Tree is balanced.
2
Tree is balanced.
{2, 1, 6, 0, 3, 7, 5}
<3> is in tree.
{2, 1, 6, 0, 3, 7, 5}
{2, 1, 6, 0, 3, 7, 5}
{0, 1, 2, 3, 5, 6, 7}
7
Tree is balanced.
Average distance of nodes to root = 1.57143
7
6
1
<0> is in tree.
Tree is balanced.
<7> is in tree.
5
Tree is balanced.
5
Average distance of nodes to root = 1.57143
3
Average distance of nodes to root = 1.57143
{0, 1, 2, 3, 5, 6, 7}
{2, 1, 6, 0, 3, 7, 5}
{0, 1, 2, 3, 4, 5, 6, 7}
Average distance of nodes to root = 1.875
Average distance of nodes to root = 1.875
<7> is in tree.
Average distance of nodes to root = 1.875
{2, 1, 6, 0, 3, 7, 5, 4}
7
{0, 1, 2, 3, 4, 5, 6, 7}
0
8
6
<3> is in tree.
8
Average distance of nodes to root = 1.875
{0, 1, 2, 3, 4, 5, 6, 7}
{2, 1, 6, 0, 3, 7, 5, 4}
<0> is in tree.
{0, 1, 2, 3, 4, 5, 6, 7}
8
8
Average distance of nodes to root = 1.875
7
<6> is in tree.
Tree is not balanced.
8
{0, 1, 2, 3, 4, 5, 6, 7}
{0, 1, 2, 3, 4, 5, 6, 7}
Average distance of nodes to root = 1.875
Tree is not balanced.
Average distance of nodes to root = 1.875
{0, 1, 2, 3, 4, 5, 6, 7}
{0, 1, 2, 3, 4, 5, 6, 7}
{2, 1, 6, 0, 3, 7, 5, 4}
Average distance of nodes to root = 1.875
{0, 1, 2, 3, 4, 5, 6, 7}
8
8
<6> is in tree.
{2, 1, 6, 0, 3, 7, 5, 4}
<7> is in tree.
3
Average distance of nodes to root = 1.875
{0, 1, 2, 3, 4, 5, 6, 7}
Average distance of nodes to root = 1.875
{0, 1, 2, 3, 4, 5, 6, 7}
Tree is not balanced.
{2, 1, 6, 0, 3, 7, 5, 4}
Tree is not balanced.
Average distance of nodes to root = 1.875
Tree is not balanced.
{2, 1, 6, 0, 3, 7, 5, 4}
1
0
<3> is in tree.
<5> is in tree.
6
3
{0, 1, 2, 3, 4, 5, 6, 7}
8
Average distance of nodes to root = 1.875
{0, 1, 2, 3, 4, 5, 6, 7}
{0, 1, 2, 3, 4, 5, 6, 7}
8
<0> is in tree.
8
Tree is not balanced.
Tree is not balanced.
Tree is not balanced.
{2, 1, 6, 0, 3, 7, 5, 4}
{2, 1, 6, 0, 3, 7, 5, 4}
Average distance of nodes to root = 1.875
<7> is in tree.
{2, 1, 6, 0, 3, 7, 5, 4}
8
Average distance of nodes to root = 1.875
{2, 1, 6, 0, 3, 7, 5, 4}
<7> is in tree.
Average distance of nodes to root = 1.875
<5> is in tree.
Tree is not balanced.
2
{0, 1, 2, 3, 4, 5, 6, 7}
{2, 1, 6, 0, 3, 7, 5, 4}
8
8
{2, 1, 6, 0, 3, 7, 5, 4}
{2, 1, 6, 0, 3, 7, 5, 4}
7
{0, 1, 2, 3, 4, 5, 6, 7}
Average distance of nodes to root = 1.875
8
Tree is not balanced.
Average distance of nodes to root = 1.875
<3> is in tree.
{2, 1, 6, 0, 3, 7, 5, 4}
{2, 1, 6, 0, 3, 7, 5, 4}
Average distance of nodes to root = 1.875
{2, 1, 6, 0, 3, 7, 5, 4}
{0, 1, 2, 3, 4, 5, 6, 7}
<2> is in tree.
5
<7> is in tree.
1
{2, 1, 6, 0, 3, 7, 5, 4}
Average distance of nodes to root = 1.875
Average distance of nodes to root = 1.875
Average distance of nodes to root = 1.875
8
4
Tree is not balanced.
8
{2, 1, 6, 0, 3, 7, 5, 4}
8
{2, 1, 6, 0, 3, 7, 5, 4}
{0, 1, 2, 3, 4, 5, 6, 7}
{0, 1, 2, 3, 4, 5, 6, 7}
4
Average distance of nodes to root = 1.875
8
8
Tree is not balanced.
{2, 1, 6, 0, 3, 7, 5, 4}
{2, 1, 6, 0, 3, 7, 5, 4}
Average distance of nodes to root = 1.875
<4> is in tree.
8
8
Tree is not balanced.
8
Average distance of nodes to root = 1.875
Tree is not balanced.
{0, 1, 2, 3, 4, 5, 6, 7}
Average distance of nodes to root = 1.875
Average distance of nodes to root = 1.875
Average distance of nodes to root = 1.875
{0, 1, 2, 3, 4, 5, 6, 7}
4
{0, 1, 2, 3, 4, 5, 6, 7}
Tree is not balanced.
{0, 1, 2, 3, 4, 5, 6, 7}
{0, 1, 2, 3, 4, 5, 6, 7}
Tree is not balanced.
{2, 1, 6, 0, 3, 7, 5, 4}
8
8
8
<6> is in tree.
{0, 1, 2, 3, 4, 5, 6, 7}
{2, 1, 6, 0, 3, 7, 5, 4}
<2> is in tree.
Average distance of nodes to root = 1.875
Tree is not balanced.
Average distance of nodes to root = 1.875
Tree is not balanced.
8
Average distance of nodes to root = 1.875
8
8
Tree is not balanced.
<4> is in tree.
Average distance of nodes to root = 1.875
Tree is not balanced.
Average distance of nodes to root = 1.875
Tree is not balanced.
{2, 1, 6, 0, 3, 7, 5, 4}
Tree is not balanced.
8
<0> is in tree.
Average distance of nodes to root = 1.875
{0, 1, 2, 3, 4, 5, 6, 7}
<4> is in tree.
8
Average distance of nodes to root = 1.875
8
8
0
8
{0, 1, 2, 3, 4, 5, 6, 7}
8
{0, 1, 2, 3, 4, 5, 6, 7}
{2, 1, 6, 0, 3, 7, 5, 4}
Average distance of nodes to root = 1.875
Tree is not balanced.
8
{0, 1, 2, 3, 4, 5, 6, 7}
8
{0, 1, 2, 3, 4, 5, 6, 7}
Tree is not balanced.
7
3
{0, 1, 2, 3, 4, 5, 6, 7}
{2, 1, 6, 0, 3, 7, 5, 4}
8
6
8
{2, 1, 6, 0, 3, 7, 5, 4}
8
Tree is not balanced.
<1> is in tree.
{2, 1, 6, 0, 3, 7, 5, 4}
<5> is in tree.
Tree is not balanced.
{2, 1, 6, 0, 3, 7, 5, 4}
<1> is in tree.
Average distance of nodes to root = 1.875
<0> is in tree.
Average distance of nodes to root = 1.875
8
<7> is in tree.
{2, 1, 6, 0, 3, 7, 5, 4}
2
{0, 1, 2, 3, 4, 5, 6, 7}
{0, 1, 2, 3, 4, 5, 6, 7}
<0> is in tree.
8
4
Average distance of nodes to root = 1.875
8
<4> is in tree.
{0, 1, 2, 3, 4, 5, 6, 7}
{2, 1, 6, 0, 3, 7, 5, 4}
4
Tree is not balanced.
<3> is in tree.
{0, 1, 2, 3, 4, 5, 6, 7}
Average distance of nodes to root = 1.875
{2, 1, 6, 0, 3, 7, 5, 4}
{0, 1, 2, 3, 4, 5, 6, 7}
5
Average distance of nodes to root = 1.875
4
Average distance of nodes to root = 1.875
{0, 1, 2, 3, 4, 5, 6, 7}
{0, 1, 2, 3, 4, 5, 6, 7}
4
{0, 1, 2, 3, 4, 5, 6, 7}
Average distance of nodes to root = 1.875
0
{0, 1, 2, 3, 4, 5, 6, 7}
8
Average distance of nodes to root = 1.875
Tree is not balanced.
{0, 1, 2, 3, 4, 5, 6, 7}
<1> is in tree.
8
8
8
<6> is in tree.
{0, 1, 2, 3, 4, 5, 6, 7}
7
8
Average distance of nodes to root = 1.875
<1> is in tree.
5
{2, 1, 6, 0, 3, 7, 5, 4}
{0, 1, 2, 3, 4, 5, 6, 7}
<1> is in tree.
{0, 1, 2, 3, 4, 5, 6, 7}
<5> is in tree.
{0, 1, 2, 3, 4, 5, 6, 7}
{0, 1, 2, 3, 4, 5, 6, 7}
0
5
{0, 1, 2, 3, 4, 5, 6, 7}
{0, 1, 2, 3, 4, 5, 6, 7}
{0, 1, 2, 3, 4, 5, 6, 7}
Tree is not balanced.
Average distance of nodes to root = 1.875
Average distance of nodes to root = 1.875
{2, 1, 6, 0, 3, 7, 5, 4}
Average distance of nodes to root = 1.875
0
Average distance of nodes to root = 1.875
<4> is in tree.
8
<5> is in tree.
8
Tree is not balanced.
8
3
1
Average distance of nodes to root = 1.875
Tree is not balanced.
Tree is not balanced.
Average distance of nodes to root = 1.875
{0, 1, 2, 3, 4, 5, 6, 7}
6
8
3
Average distance of nodes to root = 1.875
3
Average distance of nodes to root = 1.875
Average distance of nodes to root = 1.875
{0, 1, 2, 3, 4, 5, 6, 7}
1
Tree is not balanced.
Average distance of nodes to root = 1.875
<6> is in tree.
<4> is in tree.
8
8
Tree is not balanced.
Tree is not balanced.
Average distance of nodes to root = 1.875
Tree is not balanced.
8
8
<0> is in tree.
Tree is not balanced.
{0, 1, 2, 3, 4, 5, 6, 7}
8
Tree is not balanced.
{2, 1, 6, 0, 3, 7, 5, 4}
<4> is in tree.
0
{0, 1, 2, 3, 4, 5, 6, 7}
0
Average distance of nodes to root = 1.875
<6> is in tree.
<5> is in tree.
Average distance of nodes to root = 1.875
Average distance of nodes to root = 1.875
1
{2, 1, 6, 0, 3, 7, 5, 4}
Tree is not balanced.
{2, 1, 6, 0, 3, 7, 5, 4}
0
{0, 1, 2, 3, 4, 5, 6, 7}
8
5
{2, 1, 6, 0, 3, 7, 5, 4}
<1> is in tree.
Tree is not balanced.
6
{0, 1, 2, 3, 4, 5, 6, 7}
Tree is not balanced.
2
Tree is not balanced.
<1> is in tree.
{2, 1, 6, 0, 3, 7, 5, 4}
8
8
{2, 1, 6, 0, 3, 7, 5, 4}
{2, 1, 6, 0, 3, 7, 5, 4}
{0, 1, 2, 3, 4, 5, 6, 7}
Average distance of nodes to root = 1.875
Average distance of nodes to root = 1.875
{0, 1, 2, 3, 4, 5, 6, 7}
6
4
<4> is in tree.
Average distance of nodes to root = 1.875
Tree is not balanced.
{0, 1, 2, 3, 4, 5, 6, 7}
8
{2, 1, 6, 0, 3, 7, 5, 4}
{0, 1, 2, 3, 4, 5, 6, 7}
Average distance of nodes to root = 1.875
Tree is not balanced.
{0, 1, 2, 3, 4, 5, 6, 7}
{2, 1, 6, 0, 3, 7, 5, 4}
{0, 1, 2, 3, 4, 5, 6, 7}
{2, 1, 6, 0, 3, 7, 5, 4}
Average distance of nodes to root = 1.875
8
5
7
Tree is not balanced.
Average distance of nodes to root = 1.875
Tree is not balanced.
0
Tree is not balanced.
8
{0, 1, 2, 3, 4, 5, 6, 7}
{2, 1, 6, 0, 3, 7, 5, 4}
6
{2, 1, 6, 0, 3, 7, 5, 4}
Tree is not balanced.
4
8
8
Tree is not balanced.
Average distance of nodes to root = 1.875
Average distance of nodes to root = 1.875
Tree is not balanced.
2
<0> is in tree.
Tree is not balanced.
{2, 1, 6, 0, 3, 7, 5, 4}
8
<7> is in tree.
{0, 1, 2, 3, 4, 5, 6, 7}
1
6
8
{2, 1, 6, 0, 3, 7, 5, 4}
Average distance of nodes to root = 1.875
Average distance of nodes to root = 1.875
{2, 1, 6, 0, 3, 7, 5, 4}
Tree is not balanced.
{0, 1, 2, 3, 4, 5, 6, 7}
{2, 1, 6, 0, 3, 7, 5, 4}
8
Tree is not balanced.
2
{0, 1, 2, 3, 4, 5, 6, 7}
{0, 1, 2, 3, 4, 5, 6, 7}
{0, 1, 2, 3, 4, 5, 6, 7}
{2, 1, 6, 0, 3, 7, 5, 4}
{2, 1, 6, 0, 3, 7, 5, 4}
Tree is not balanced.
4
{2, 1, 6, 0, 3, 7, 5, 4}
Tree is not balanced.
{0, 1, 2, 3, 4, 5, 6, 7}
{2, 1, 6, 0, 3, 7, 5, 4}
Average distance of nodes to root = 1.875
Tree is not balanced.
Tree is not balanced.
3
1
{2, 1, 6, 0, 3, 7, 5, 4}
{2, 1, 6, 0, 3, 7, 5, 4}
Average distance of nodes to root = 1.875
3
Tree is not balanced.
Tree is not balanced.
Average distance of nodes to root = 1.875
6
Tree is not balanced.
Tree is not balanced.
8
{2, 1, 6, 0, 3, 7, 5, 4}
8
<5> is in tree.
Average distance of nodes to root = 1.875
8
<0> is in tree.
{2, 1, 6, 0, 3, 7, 5, 4}
{2, 1, 6, 0, 3, 7, 5, 4}
Average distance of nodes to root = 1.875
{0, 1, 2, 3, 4, 5, 6, 7}
Average distance of nodes to root = 1.875
{0, 1, 2, 3, 4, 5, 6, 7}
3
7
<1> is in tree.
0
{0, 1, 2, 3, 4, 5, 6, 7}
1
8
{2, 1, 6, 0, 3, 7, 5, 4}
8
{0, 1, 2, 3, 4, 5, 6, 7}
Tree is not balanced.
Average distance of nodes to root = 1.875
Tree is not balanced.
<1> is in tree.
<3> is in tree.
<6> is in tree.
{0, 1, 2, 3, 4, 5, 6, 7}
{0, 1, 2, 3, 4, 5, 6, 7}
{2, 1, 6, 0, 3, 7, 5, 4}
Tree is not balanced.
{2, 1, 6, 0, 3, 7, 5, 4}
{2, 1, 6, 0, 3, 7, 5, 4}
<0> is in tree.
1
8
Tree is not balanced.
0
8
{2, 1, 6, 0, 3, 7, 5, 4}
8
0
6
8
<5> is in tree.
{0, 1, 2, 3, 4, 5, 6, 7}
{2, 1, 6, 0, 3, 7, 5, 4}
1
8
8
Tree is not balanced.
{2, 1, 6, 0, 3, 7, 5, 4}
8
<6> is in tree.
Average distance of nodes to root = 1.875
Average distance of nodes to root = 1.875
{0, 1, 2, 3, 4, 5, 6, 7}
<2> is in tree.
8
<6> is in tree.
8
Tree is not balanced.
<0> is in tree.
Average distance of nodes to root = 1.875
Average distance of nodes to root = 1.875
Average distance of nodes to root = 1.875
<7> is in tree.
4
7
7
Average distance of nodes to root = 1.875
<5> is in tree.
<1> is in tree.
Average distance of nodes to root = 1.875
{2, 1, 6, 0, 3, 7, 5, 4}
Average distance of nodes to root = 1.875
8
<4> is in tree.
{0, 1, 2, 3, 4, 5, 6, 7}
6
8
{0, 1, 2, 3, 4, 5, 6, 7}
Tree is not balanced.
Tree is not balanced.
{2, 1, 6, 0, 3, 7, 5, 4}
Average distance of nodes to root = 1.875
Average distance of nodes to root = 1.875
Tree is not balanced.
Average distance of nodes to root = 1.875
{0, 1, 2, 3, 4, 5, 6, 7}
Tree is not balanced.
{0, 1, 2, 3, 4, 5, 6, 7}
Tree is not balanced.
0
{2, 1, 6, 0, 3, 7, 5, 4}
Tree is not balanced.
{2, 1, 6, 0, 3, 7, 5, 4}
{2, 1, 6, 0, 3, 7, 5, 4}
4
8
{0, 1, 2, 3, 4, 5, 6, 7}
Tree is not balanced.
{2, 1, 6, 0, 3, 7, 5, 4}
{0, 1, 2, 3, 4, 5, 6, 7}
Average distance of nodes to root = 1.875
Tree is not balanced.
<3> is in tree.
<6> is in tree.
{2, 1, 6, 0, 3, 7, 5, 4}
Tree is not balanced.
8
<4> is in tree.
<3> is in tree.
<7> is in tree.
8
Average distance of nodes to root = 1.875
Tree is not balanced.
Tree is not balanced.
5
6
{0, 1, 2, 3, 4, 5, 6, 7}
4
{2, 1, 6, 0, 3, 7, 5, 4}
{2, 1, 6, 0, 3, 7, 5, 4}
<7> is in tree.
Tree is not balanced.
{0, 1, 2, 3, 4, 5, 6, 7}
Tree is not balanced.
Average distance of nodes to root = 1.875
<4> is in tree.
8
{0, 1, 2, 3, 4, 5, 6, 7}
1
Tree is not balanced.
0
{0, 1, 2, 3, 4, 5, 6, 7}
{0, 1, 2, 3, 4, 5, 6, 7}
Tree is not balanced.
<3> is in tree.
Tree is not balanced.
<7> is in tree.
{2, 1, 6, 0, 3, 7, 5, 4}
8
4
5
3
{0, 1, 2, 3, 4, 5, 6, 7}
4
Tree is not balanced.
8
Average distance of nodes to root = 1.875
Average distance of nodes to root = 1.875
{0, 1, 2, 3, 4, 5, 6, 7}
1
4
<3> is in tree.
Tree is not balanced.
8
8
<2> is in tree.
Tree is not balanced.
8
<0> is in tree.
3
Tree is not balanced.
{2, 1, 6, 0, 3, 7, 5, 4}
Average distance of nodes to root = 1.875
Average distance of nodes to root = 1.875
{2, 1, 6, 0, 3, 7, 5, 4}
{0, 1, 2, 3, 4, 5, 6, 7}
{2, 1, 6, 0, 3, 7, 5, 4}
6
8
<0> is in tree.
5
6
{2, 1, 6, 0, 3, 7, 5, 4}
Average distance of nodes to root = 1.875
{2, 1, 6, 0, 3, 7, 5, 4}
<4> is in tree.
8
8
{0, 1, 2, 3, 4, 5, 6, 7}
{2, 1, 6, 0, 3, 7, 5, 4}
Tree is not balanced.
6
Average distance of nodes to root = 1.875
Average distance of nodes to root = 1.875
Tree is not balanced.
Average distance of nodes to root = 1.875
<4> is in tree.
Average distance of nodes to root = 1.875
{0, 1, 2, 3, 4, 5, 6, 7}
<4> is in tree.
Tree is not balanced.
{2, 1, 6, 0, 3, 7, 5, 4}
<3> is in tree.
2
2
{0, 1, 2, 3, 4, 5, 6, 7}
<6> is in tree.
{0, 1, 2, 3, 4, 5, 6, 7}
Tree is not balanced.
7
{0, 1, 2, 3, 4, 5, 6, 7}
{0, 1, 2, 3, 4, 5, 6, 7}
6
8
Tree is not balanced.
1
{2, 1, 6, 0, 3, 7, 5, 4}
Average distance of nodes to root = 1.875
Average distance of nodes to root = 1.875
{2, 1, 6, 0, 3, 7, 5, 4}
{0, 1, 2, 3, 4, 5, 6, 7}
{0, 1, 2, 3, 4, 5, 6, 7}
{0, 1, 2, 3, 4, 5, 6, 7}
<5> is in tree.
{2, 1, 6, 0, 3, 7, 5, 4}
Tree is not balanced.
8
Tree is not balanced.
<2> is in tree.
Average distance of nodes to root = 1.875
<2> is in tree.
Average distance of nodes to root = 1.875
{2, 1, 6, 0, 3, 7, 5, 4}
8
8
Average distance of nodes to root = 1.875
<6> is in tree.
8
{2, 1, 6, 0, 3, 7, 5, 4}
8
{0, 1, 2, 3, 4, 5, 6, 7}
8
<0> is in tree.
8
Average distance of nodes to root = 1.875
Average distance of nodes to root = 1.875
{2, 1, 6, 0, 3, 7, 5, 4}
Tree is not balanced.
{2, 1, 6, 0, 3, 7, 5, 4}
Average distance of nodes to root = 1.875
Average distance of nodes to root = 1.875
{2, 1, 6, 0, 3, 7, 5, 4}
Tree is not balanced.
8
{0, 1, 2, 3, 4, 5, 6, 7}
Average distance of nodes to root = 1.875
Average distance of nodes to root = 1.875
Average distance of nodes to root = 1.875
Tree is not balanced.
<5> is in tree.
7
Tree is not balanced.
<5> is in tree.
{0, 1, 2, 3, 4, 5, 6, 7}
8
<1> is in tree.
Average distance of nodes to root = 1.875
8
0
Tree is not balanced.
8
{2, 1, 6, 0, 3, 7, 5, 4}
5
5
8
{0, 1, 2, 3, 4, 5, 6, 7}
{0, 1, 2, 3, 4, 5, 6, 7}
7
0
Average distance of nodes to root = 1.875
{0, 1, 2, 3, 4, 5, 6, 7}
0
{0, 1, 2, 3, 4, 5, 6, 7}
Average distance of nodes to root = 1.875
<4> is in tree.
{2, 1, 6, 0, 3, 7, 5, 4}
Average distance of nodes to root = 1.875
Average distance of nodes to root = 1.875
