{}
{3}
{3, 4}
7
{3, 4}
{3, 4}
4
7
5
<7> is not in tree.
2
2
{3, 4}
2
3
5
Tree is balanced.
<4> is in tree.
Average distance of nodes to root = 0.666667
0
{2, 3, 4}
3
Average distance of nodes to root = 0.666667
{2, 3, 4}
<1> is not in tree.
<6> is not in tree.
Tree is balanced.
{2, 3, 4}
3
{3, 2, 4}
<5> is not in tree.
<4> is in tree.
{2, 3, 4, 5}
<0> is not in tree.
{3, 2, 4, 5}
Average distance of nodes to root = 1
4
1
Tree is balanced.
Average distance of nodes to root = 1
4
{3, 2, 4, 5}
<5> is in tree.
6
4
<3> is in tree.
Average distance of nodes to root = 1
Tree is balanced.
2
<4> is in tree.
Average distance of nodes to root = 1
Tree is balanced.
{2, 3, 4, 5}
{3, 2, 4, 5}
<2> is in tree.
4
{2, 3, 4, 5}
4
Average distance of nodes to root = 1
<3> is in tree.
Average distance of nodes to root = 1
Tree is balanced.
<5> is in tree.
Tree is balanced.
<3> is in tree.
1
Tree is balanced.
Tree is balanced.
Average distance of nodes to root = 1
<2> is in tree.
Tree is balanced.
Tree is not balanced.
{3, 2, 4, 5, 7}
2
0
Average distance of nodes to root = 1.4
Tree is not balanced.
5
5
2
Tree is not balanced.
Average distance of nodes to root = 1.4
5
Average distance of nodes to root = 1.4
2
{2, 3, 4, 5, 7}
Tree is not balanced.
5
{2, 3, 4, 5, 7}
Tree is not balanced.
Tree is not balanced.
{2, 3, 4, 5, 7}
Tree is not balanced.
Average distance of nodes to root = 1.4
<6> is not in tree.
Average distance of nodes to root = 1.4
{3, 2, 4, 5, 7}
5
<4> is in tree.
<3> is in tree.
5
2
5
Tree is not balanced.
Tree is not balanced.
{1, 2, 3, 4, 5, 7}
{1, 2, 3, 4, 5, 7}
{3, 2, 4, 1, 5, 7}
Average distance of nodes to root = 1.5
3
Tree is not balanced.
<3> is in tree.
6
{3, 2, 4, 1, 5, 7}
6
Tree is not balanced.
2
0
Average distance of nodes to root = 1.5
Tree is not balanced.
Tree is not balanced.
0
{1, 2, 3, 4, 5, 7}
6
<0> is not in tree.
{1, 2, 3, 4, 5, 7}
6
{1, 2, 3, 4, 5, 7}
Average distance of nodes to root = 1.5
7
Tree is not balanced.
Average distance of nodes to root = 1.71429
7
Average distance of nodes to root = 1.71429
Average distance of nodes to root = 1.71429
2
{3, 2, 4, 1, 5, 0, 7}
Tree is not balanced.
Average distance of nodes to root = 1.71429
<3> is in tree.
7
7
{0, 1, 2, 3, 4, 5, 7}
7
Average distance of nodes to root = 1.71429
Average distance of nodes to root = 1.71429
Average distance of nodes to root = 1.71429
Average distance of nodes to root = 1.71429
3
<5> is in tree.
2
Average distance of nodes to root = 1.71429
{3, 2, 4, 1, 5, 0, 7}
{0, 1, 2, 3, 4, 5, 7}
<7> is in tree.
7
{0, 1, 2, 3, 4, 5, 7}
Tree is not balanced.
Average distance of nodes to root = 1.71429
7
{3, 2, 4, 1, 5, 0, 7}
0
{3, 2, 4, 1, 5, 0, 7}
Tree is not balanced.
Average distance of nodes to root = 1.71429
Average distance of nodes to root = 1.71429
Tree is not balanced.
7
Tree is not balanced.
7
Average distance of nodes to root = 1.71429
Average distance of nodes to root = 1.71429
Average distance of nodes to root = 1.71429
<4> is in tree.
0
Average distance of nodes to root = 1.71429
Average distance of nodes to root = 1.71429
7
<4> is in tree.
Tree is not balanced.
<2> is in tree.
{0, 1, 2, 3, 4, 5, 7}
{3, 2, 4, 1, 5, 0, 7}
Tree is not balanced.
Tree is not balanced.
<5> is in tree.
7
7
Average distance of nodes to root = 1.71429
{3, 2, 4, 1, 5, 0, 7}
4
7
Tree is not balanced.
{0, 1, 2, 3, 4, 5, 7}
Tree is not balanced.
Tree is not balanced.
{0, 1, 2, 3, 4, 5, 7}
Tree is not balanced.
<3> is in tree.
6
<7> is in tree.
4
Tree is not balanced.
Average distance of nodes to root = 1.71429
<4> is in tree.
Tree is not balanced.
7
7
{0, 1, 2, 3, 4, 5, 7}
{3, 2, 4, 1, 5, 0, 7}
{3, 2, 4, 1, 5, 0, 7}
Tree is not balanced.
{0, 1, 2, 3, 4, 5, 7}
7
7
Tree is not balanced.
Average distance of nodes to root = 1.71429
Average distance of nodes to root = 1.71429
{3, 2, 4, 1, 5, 0, 7}
{0, 1, 2, 3, 4, 5, 7}
Tree is not balanced.
<6> is not in tree.
{0, 1, 2, 3, 4, 5, 7}
<0> is in tree.
<1> is in tree.
<0> is in tree.
{0, 1, 2, 3, 4, 5, 7}
Average distance of nodes to root = 1.71429
{0, 1, 2, 3, 4, 5, 7}
<0> is in tree.
<3> is in tree.
7
Average distance of nodes to root = 1.71429
Average distance of nodes to root = 1.71429
<3> is in tree.
2
2
{0, 1, 2, 3, 4, 5, 7}
{0, 1, 2, 3, 4, 5, 7}
Average distance of nodes to root = 1.71429
7
7
5
<0> is in tree.
4
Tree is not balanced.
{0, 1, 2, 3, 4, 5, 7}
{3, 2, 4, 1, 5, 0, 7}
<2> is in tree.
{3, 2, 4, 1, 5, 0, 7}
Average distance of nodes to root = 1.71429
6
7
<5> is in tree.
{3, 2, 4, 1, 5, 0, 7}
{3, 2, 4, 1, 5, 0, 7}
7
7
2
Tree is not balanced.
{3, 2, 4, 1, 5, 0, 7}
{0, 1, 2, 3, 4, 5, 7}
1
<1> is in tree.
{3, 2, 4, 1, 5, 0, 7}
Average distance of nodes to root = 1.71429
Tree is not balanced.
Average distance of nodes to root = 1.71429
{3, 2, 4, 1, 5, 0, 7}
{0, 1, 2, 3, 4, 5, 7}
7
7
{3, 2, 4, 1, 5, 0, 7}
Tree is not balanced.
2
<0> is in tree.
<3> is in tree.
<0> is in tree.
<5> is in tree.
Tree is not balanced.
7
8
{3, 2, 4, 1, 5, 0, 7, 6}
Average distance of nodes to root = 2
Tree is not balanced.
{3, 2, 4, 1, 5, 0, 7, 6}
3
{3, 2, 4, 1, 5, 0, 7, 6}
<0> is in tree.
Average distance of nodes to root = 2
{0, 1, 2, 3, 4, 5, 6, 7}
8
{0, 1, 2, 3, 4, 5, 6, 7}
8
{3, 2, 4, 1, 5, 0, 7, 6}
<2> is in tree.
<5> is in tree.
Average distance of nodes to root = 2
4
1
Average distance of nodes to root = 2
<1> is in tree.
{3, 2, 4, 1, 5, 0, 7, 6}
8
8
<4> is in tree.
{3, 2, 4, 1, 5, 0, 7, 6}
{3, 2, 4, 1, 5, 0, 7, 6}
6
{0, 1, 2, 3, 4, 5, 6, 7}
4
2
<1> is in tree.
8
{0, 1, 2, 3, 4, 5, 6, 7}
{3, 2, 4, 1, 5, 0, 7, 6}
7
2
{0, 1, 2, 3, 4, 5, 6, 7}
Tree is not balanced.
7
{0, 1, 2, 3, 4, 5, 6, 7}
8
2
8
Average distance of nodes to root = 2
Average distance of nodes to root = 2
{0, 1, 2, 3, 4, 5, 6, 7}
2
Average distance of nodes to root = 2
Tree is not balanced.
<3> is in tree.
Average distance of nodes to root = 2
Average distance of nodes to root = 2
{0, 1, 2, 3, 4, 5, 6, 7}
Tree is not balanced.
Average distance of nodes to root = 2
{3, 2, 4, 1, 5, 0, 7, 6}
Average distance of nodes to root = 2
Average distance of nodes to root = 2
Tree is not balanced.
<4> is in tree.
6
{3, 2, 4, 1, 5, 0, 7, 6}
<6> is in tree.
7
Tree is not balanced.
1
Average distance of nodes to root = 2
8
<6> is in tree.
3
<1> is in tree.
{3, 2, 4, 1, 5, 0, 7, 6}
Average distance of nodes to root = 2
4
5
{0, 1, 2, 3, 4, 5, 6, 7}
<0> is in tree.
Average distance of nodes to root = 2
6
Tree is not balanced.
Tree is not balanced.
{0, 1, 2, 3, 4, 5, 6, 7}
{0, 1, 2, 3, 4, 5, 6, 7}
8
{3, 2, 4, 1, 5, 0, 7, 6}
Average distance of nodes to root = 2
Tree is not balanced.
{0, 1, 2, 3, 4, 5, 6, 7}
<7> is in tree.
0
8
{0, 1, 2, 3, 4, 5, 6, 7}
{3, 2, 4, 1, 5, 0, 7, 6}
8
<4> is in tree.
8
{3, 2, 4, 1, 5, 0, 7, 6}
8
{0, 1, 2, 3, 4, 5, 6, 7}
8
8
7
Tree is not balanced.
8
Tree is not balanced.
{0, 1, 2, 3, 4, 5, 6, 7}
8
6
{3, 2, 4, 1, 5, 0, 7, 6}
8
<4> is in tree.
Tree is not balanced.
Tree is not balanced.
Average distance of nodes to root = 2
{3, 2, 4, 1, 5, 0, 7, 6}
Tree is not balanced.
8
Average distance of nodes to root = 2
8
{0, 1, 2, 3, 4, 5, 6, 7}
Average distance of nodes to root = 2
{3, 2, 4, 1, 5, 0, 7, 6}
<0> is in tree.
{0, 1, 2, 3, 4, 5, 6, 7}
<4> is in tree.
{0, 1, 2, 3, 4, 5, 6, 7}
{0, 1, 2, 3, 4, 5, 6, 7}
8
Average distance of nodes to root = 2
Tree is not balanced.
Average distance of nodes to root = 2
Average distance of nodes to root = 2
Average distance of nodes to root = 2
8
{0, 1, 2, 3, 4, 5, 6, 7}
{3, 2, 4, 1, 5, 0, 7, 6}
Tree is not balanced.
{0, 1, 2, 3, 4, 5, 6, 7}
{0, 1, 2, 3, 4, 5, 6, 7}
Average distance of nodes to root = 2
1
Average distance of nodes to root = 2
1
{0, 1, 2, 3, 4, 5, 6, 7}
{3, 2, 4, 1, 5, 0, 7, 6}
Tree is not balanced.
{3, 2, 4, 1, 5, 0, 7, 6}
1
5
Tree is not balanced.
8
8
{3, 2, 4, 1, 5, 0, 7, 6}
0
Average distance of nodes to root = 2
<1> is in tree.
7
Average distance of nodes to root = 2
8
8
Tree is not balanced.
2
0
{3, 2, 4, 1, 5, 0, 7, 6}
Tree is not balanced.
8
Tree is not balanced.
8
4
<2> is in tree.
6
{0, 1, 2, 3, 4, 5, 6, 7}
{0, 1, 2, 3, 4, 5, 6, 7}
{0, 1, 2, 3, 4, 5, 6, 7}
<4> is in tree.
{3, 2, 4, 1, 5, 0, 7, 6}
<4> is in tree.
2
Tree is not balanced.
{3, 2, 4, 1, 5, 0, 7, 6}
8
{0, 1, 2, 3, 4, 5, 6, 7}
5
<4> is in tree.
Average distance of nodes to root = 2
Tree is not balanced.
{0, 1, 2, 3, 4, 5, 6, 7}
Tree is not balanced.
Tree is not balanced.
<3> is in tree.
{3, 2, 4, 1, 5, 0, 7, 6}
{0, 1, 2, 3, 4, 5, 6, 7}
{3, 2, 4, 1, 5, 0, 7, 6}
{0, 1, 2, 3, 4, 5, 6, 7}
7
6
{0, 1, 2, 3, 4, 5, 6, 7}
{0, 1, 2, 3, 4, 5, 6, 7}
Average distance of nodes to root = 2
8
Average distance of nodes to root = 2
<2> is in tree.
{3, 2, 4, 1, 5, 0, 7, 6}
{0, 1, 2, 3, 4, 5, 6, 7}
8
Tree is not balanced.
{0, 1, 2, 3, 4, 5, 6, 7}
{0, 1, 2, 3, 4, 5, 6, 7}
<0> is in tree.
Tree is not balanced.
{0, 1, 2, 3, 4, 5, 6, 7}
8
{0, 1, 2, 3, 4, 5, 6, 7}
<4> is in tree.
Average distance of nodes to root = 2
Tree is not balanced.
{3, 2, 4, 1, 5, 0, 7, 6}
{3, 2, 4, 1, 5, 0, 7, 6}
Average distance of nodes to root = 2
{3, 2, 4, 1, 5, 0, 7, 6}
Tree is not balanced.
4
Tree is not balanced.
8
Average distance of nodes to root = 2
8
2
{3, 2, 4, 1, 5, 0, 7, 6}
<6> is in tree.
0
6
<1> is in tree.
Average distance of nodes to root = 2
3
1
Average distance of nodes to root = 2
4
Average distance of nodes to root = 2
0
Average distance of nodes to root = 2
3
{0, 1, 2, 3, 4, 5, 6, 7}
{3, 2, 4, 1, 5, 0, 7, 6}
8
{0, 1, 2, 3, 4, 5, 6, 7}
8
{3, 2, 4, 1, 5, 0, 7, 6}
Average distance of nodes to root = 2
8
8
3
Average distance of nodes to root = 2
8
8
Tree is not balanced.
8
{3, 2, 4, 1, 5, 0, 7, 6}
8
2
Tree is not balanced.
Tree is not balanced.
<5> is in tree.
{0, 1, 2, 3, 4, 5, 6, 7}
1
Tree is not balanced.
3
<1> is in tree.
<1> is in tree.
Tree is not balanced.
5
0
{0, 1, 2, 3, 4, 5, 6, 7}
Tree is not balanced.
Tree is not balanced.
<6> is in tree.
Tree is not balanced.
<4> is in tree.
{3, 2, 4, 1, 5, 0, 7, 6}
{3, 2, 4, 1, 5, 0, 7, 6}
Average distance of nodes to root = 2
Average distance of nodes to root = 2
Average distance of nodes to root = 2
{3, 2, 4, 1, 5, 0, 7, 6}
Tree is not balanced.
Average distance of nodes to root = 2
8
8
Tree is not balanced.
1
Tree is not balanced.
{3, 2, 4, 1, 5, 0, 7, 6}
6
{0, 1, 2, 3, 4, 5, 6, 7}
<6> is in tree.
<2> is in tree.
{0, 1, 2, 3, 4, 5, 6, 7}
<2> is in tree.
Tree is not balanced.
Average distance of nodes to root = 2
<5> is in tree.
1
<5> is in tree.
Tree is not balanced.
Tree is not balanced.
Tree is not balanced.
{3, 2, 4, 1, 5, 0, 7, 6}
{3, 2, 4, 1, 5, 0, 7, 6}
Average distance of nodes to root = 2
{3, 2, 4, 1, 5, 0, 7, 6}
{0, 1, 2, 3, 4, 5, 6, 7}
8
8
8
Tree is not balanced.
Average distance of nodes to root = 2
0
Tree is not balanced.
<7> is in tree.
Tree is not balanced.
8
8
Average distance of nodes to root = 2
6
Average distance of nodes to root = 2
Tree is not balanced.
{0, 1, 2, 3, 4, 5, 6, 7}
{0, 1, 2, 3, 4, 5, 6, 7}
<2> is in tree.
Tree is not balanced.
Average distance of nodes to root = 2
7
Average distance of nodes to root = 2
<6> is in tree.
<3> is in tree.
<5> is in tree.
<2> is in tree.
<3> is in tree.
{3, 2, 4, 1, 5, 0, 7, 6}
8
8
Average distance of nodes to root = 2
Average distance of nodes to root = 2
<1> is in tree.
<5> is in tree.
{0, 1, 2, 3, 4, 5, 6, 7}
Average distance of nodes to root = 2
Average distance of nodes to root = 2
7
<2> is in tree.
Tree is not balanced.
Average distance of nodes to root = 2
{3, 2, 4, 1, 5, 0, 7, 6}
<6> is in tree.
7
<5> is in tree.
<6> is in tree.
1
Average distance of nodes to root = 2
3
Tree is not balanced.
{0, 1, 2, 3, 4, 5, 6, 7}
Average distance of nodes to root = 2
Tree is not balanced.
Tree is not balanced.
8
0
Average distance of nodes to root = 2
Average distance of nodes to root = 2
7
{3, 2, 4, 1, 5, 0, 7, 6}
8
8
0
{3, 2, 4, 1, 5, 0, 7, 6}
{0, 1, 2, 3, 4, 5, 6, 7}
Tree is not balanced.
{0, 1, 2, 3, 4, 5, 6, 7}
{0, 1, 2, 3, 4, 5, 6, 7}
Average distance of nodes to root = 2
{3, 2, 4, 1, 5, 0, 7, 6}
Tree is not balanced.
<3> is in tree.
{3, 2, 4, 1, 5, 0, 7, 6}
8
Average distance of nodes to root = 2
3
{3, 2, 4, 1, 5, 0, 7, 6}
Tree is not balanced.
<5> is in tree.
8
8
6
{0, 1, 2, 3, 4, 5, 6, 7}
8
8
{0, 1, 2, 3, 4, 5, 6, 7}
6
Tree is not balanced.
Average distance of nodes to root = 2
{3, 2, 4, 1, 5, 0, 7, 6}
<3> is in tree.
4
8
{3, 2, 4, 1, 5, 0, 7, 6}
<5> is in tree.
<5> is in tree.
Average distance of nodes to root = 2
Tree is not balanced.
<3> is in tree.
{0, 1, 2, 3, 4, 5, 6, 7}
8
5
Average distance of nodes to root = 2
<5> is in tree.
Tree is not balanced.
Average distance of nodes to root = 2
Average distance of nodes to root = 2
Average distance of nodes to root = 2
0
{3, 2, 4, 1, 5, 0, 7, 6}
3
Tree is not balanced.
Tree is not balanced.
Tree is not balanced.
8
{0, 1, 2, 3, 4, 5, 6, 7}
0
8
<7> is in tree.
Tree is not balanced.
8
Tree is not balanced.
2
8
{3, 2, 4, 1, 5, 0, 7, 6}
<1> is in tree.
<4> is in tree.
<4> is in tree.
<6> is in tree.
{0, 1, 2, 3, 4, 5, 6, 7}
{0, 1, 2, 3, 4, 5, 6, 7}
{3, 2, 4, 1, 5, 0, 7, 6}
{3, 2, 4, 1, 5, 0, 7, 6}
{0, 1, 2, 3, 4, 5, 6, 7}
1
{3, 2, 4, 1, 5, 0, 7, 6}
Tree is not balanced.
{3, 2, 4, 1, 5, 0, 7, 6}
{3, 2, 4, 1, 5, 0, 7, 6}
Tree is not balanced.
2
Average distance of nodes to root = 2
Average distance of nodes to root = 2
8
2
Tree is not balanced.
<4> is in tree.
{0, 1, 2, 3, 4, 5, 6, 7}
8
4
Average distance of nodes to root = 2
<0> is in tree.
3
8
8
8
Tree is not balanced.
8
Tree is not balanced.
Average distance of nodes to root = 2
Average distance of nodes to root = 2
<7> is in tree.
{3, 2, 4, 1, 5, 0, 7, 6}
Average distance of nodes to root = 2
{0, 1, 2, 3, 4, 5, 6, 7}
{3, 2, 4, 1, 5, 0, 7, 6}
0
5
{3, 2, 4, 1, 5, 0, 7, 6}
{3, 2, 4, 1, 5, 0, 7, 6}
<7> is in tree.
Tree is not balanced.
{3, 2, 4, 1, 5, 0, 7, 6}
Average distance of nodes to root = 2
<4> is in tree.
Tree is not balanced.
{0, 1, 2, 3, 4, 5, 6, 7}
<2> is in tree.
1
Average distance of nodes to root = 2
Average distance of nodes to root = 2
{0, 1, 2, 3, 4, 5, 6, 7}
5
6
{3, 2, 4, 1, 5, 0, 7, 6}
8
5
Tree is not balanced.
{0, 1, 2, 3, 4, 5, 6, 7}
<2> is in tree.
{0, 1, 2, 3, 4, 5, 6, 7}
Average distance of nodes to root = 2
7
8
<7> is in tree.
{3, 2, 4, 1, 5, 0, 7, 6}
{0, 1, 2, 3, 4, 5, 6, 7}
<5> is in tree.
<4> is in tree.
Tree is not balanced.
{3, 2, 4, 1, 5, 0, 7, 6}
Average distance of nodes to root = 2
Tree is not balanced.
Tree is not balanced.
Average distance of nodes to root = 2
8
8
8
8
<4> is in tree.
{3, 2, 4, 1, 5, 0, 7, 6}
<4> is in tree.
{0, 1, 2, 3, 4, 5, 6, 7}
Average distance of nodes to root = 2
<2> is in tree.
Average distance of nodes to root = 2
Tree is not balanced.
{0, 1, 2, 3, 4, 5, 6, 7}
5
Average distance of nodes to root = 2
Tree is not balanced.
Tree is not balanced.
3
8
{0, 1, 2, 3, 4, 5, 6, 7}
Average distance of nodes to root = 2
8
Average distance of nodes to root = 2
Average distance of nodes to root = 2
{3, 2, 4, 1, 5, 0, 7, 6}
8
{0, 1, 2, 3, 4, 5, 6, 7}
<3> is in tree.
<2> is in tree.
Tree is not balanced.
{0, 1, 2, 3, 4, 5, 6, 7}
5
8
<3> is in tree.
<7> is in tree.
Average distance of nodes to root = 2
{0, 1, 2, 3, 4, 5, 6, 7}
<7> is in tree.
Tree is not balanced.
{0, 1, 2, 3, 4, 5, 6, 7}
Tree is not balanced.
Tree is not balanced.
{0, 1, 2, 3, 4, 5, 6, 7}
8
8
8
Tree is not balanced.
{0, 1, 2, 3, 4, 5, 6, 7}
Average distance of nodes to root = 2
<2> is in tree.
<7> is in tree.
{0, 1, 2, 3, 4, 5, 6, 7}
<0> is in tree.
3
Tree is not balanced.
<3> is in tree.
Average distance of nodes to root = 2
Average distance of nodes to root = 2
0
{0, 1, 2, 3, 4, 5, 6, 7}
Average distance of nodes to root = 2
Average distance of nodes to root = 2
{0, 1, 2, 3, 4, 5, 6, 7}
0
5
3
0
Tree is not balanced.
Tree is not balanced.
{3, 2, 4, 1, 5, 0, 7, 6}
Tree is not balanced.
Tree is not balanced.
{0, 1, 2, 3, 4, 5, 6, 7}
{0, 1, 2, 3, 4, 5, 6, 7}
{0, 1, 2, 3, 4, 5, 6, 7}
8
{0, 1, 2, 3, 4, 5, 6, 7}
8
Average distance of nodes to root = 2
8
{3, 2, 4, 1, 5, 0, 7, 6}
