Tree is balanced.
{}
{}
1
{}
{}
0
<3> is not in tree.
{}
{}
2
Tree is balanced.
{}
Tree is balanced.
0
Average distance of nodes to root = 0
{5}
6
<3> is not in tree.
4
{5}
<3> is not in tree.
Average distance of nodes to root = 0
Tree is balanced.
<4> is not in tree.
Tree is balanced.
2
Tree is balanced.
Tree is balanced.
2
{5, 6}
{5, 6}
2
2
Average distance of nodes to root = 0.666667
{5, 3, 6}
{5, 3, 6}
4
{3, 5, 6}
3
3
{5, 3, 6}
2
{5, 3, 6}
{3, 5, 6}
<4> is not in tree.
Tree is balanced.
{3, 5, 6}
5
Average distance of nodes to root = 1
Average distance of nodes to root = 1
Average distance of nodes to root = 1.4
<4> is not in tree.
Average distance of nodes to root = 1.4
Average distance of nodes to root = 1.4
Average distance of nodes to root = 1.4
7
<2> is in tree.
3
Tree is not balanced.
Tree is not balanced.
{5, 3, 6, 1, 2}
Average distance of nodes to root = 1.4
<3> is in tree.
{5, 3, 6, 1, 2}
{5, 3, 6, 1, 2}
3
Average distance of nodes to root = 1.4
{1, 2, 3, 5, 6}
Average distance of nodes to root = 1.4
{5, 3, 6, 1, 2}
Average distance of nodes to root = 1.5
Tree is not balanced.
6
7
<7> is in tree.
<3> is in tree.
Tree is balanced.
{1, 2, 3, 4, 5, 6, 7}
Average distance of nodes to root = 1.75
8
Tree is balanced.
7
{5, 3, 6, 1, 4, 7, 0, 2}
Average distance of nodes to root = 1.75
{0, 1, 2, 3, 4, 5, 6, 7}
5
{0, 1, 2, 3, 4, 5, 6, 7}
Average distance of nodes to root = 1.75
4
Tree is balanced.
{0, 1, 2, 3, 4, 5, 6, 7}
Tree is balanced.
6
<5> is in tree.
8
{0, 1, 2, 3, 4, 5, 6, 7}
Average distance of nodes to root = 1.75
Tree is balanced.
{0, 1, 2, 3, 4, 5, 6, 7}
Tree is balanced.
2
<7> is in tree.
8
Tree is balanced.
8
{5, 3, 6, 1, 4, 7, 0, 2}
<2> is in tree.
{0, 1, 2, 3, 4, 5, 6, 7}
<5> is in tree.
5
{0, 1, 2, 3, 4, 5, 6, 7}
Average distance of nodes to root = 1.75
1
{5, 3, 6, 1, 4, 7, 0, 2}
{0, 1, 2, 3, 4, 5, 6, 7}
Average distance of nodes to root = 1.75
{5, 3, 6, 1, 4, 7, 0, 2}
{0, 1, 2, 3, 4, 5, 6, 7}
4
8
5
{5, 3, 6, 1, 4, 7, 0, 2}
<4> is in tree.
3
{0, 1, 2, 3, 4, 5, 6, 7}
2
<3> is in tree.
{5, 3, 6, 1, 4, 7, 0, 2}
0
{5, 3, 6, 1, 4, 7, 0, 2}
3
Tree is balanced.
<0> is in tree.
{5, 3, 6, 1, 4, 7, 0, 2}
3
Tree is balanced.
<3> is in tree.
Tree is balanced.
Tree is balanced.
Average distance of nodes to root = 1.75
Average distance of nodes to root = 1.75
1
Average distance of nodes to root = 1.75
6
{5, 3, 6, 1, 4, 7, 0, 2}
1
<0> is in tree.
{0, 1, 2, 3, 4, 5, 6, 7}
Tree is balanced.
Average distance of nodes to root = 1.75
{0, 1, 2, 3, 4, 5, 6, 7}
Tree is balanced.
<5> is in tree.
Average distance of nodes to root = 1.75
<3> is in tree.
{0, 1, 2, 3, 4, 5, 6, 7}
{5, 3, 6, 1, 4, 7, 0, 2}
{0, 1, 2, 3, 4, 5, 6, 7}
6
Average distance of nodes to root = 1.75
Average distance of nodes to root = 1.75
Average distance of nodes to root = 1.75
{0, 1, 2, 3, 4, 5, 6, 7}
8
Average distance of nodes to root = 1.75
3
8
{0, 1, 2, 3, 4, 5, 6, 7}
{5, 3, 6, 1, 4, 7, 0, 2}
Tree is balanced.
{5, 3, 6, 1, 4, 7, 0, 2}
Average distance of nodes to root = 1.75
Average distance of nodes to root = 1.75
{0, 1, 2, 3, 4, 5, 6, 7}
Tree is balanced.
Tree is balanced.
5
1
{0, 1, 2, 3, 4, 5, 6, 7}
Tree is balanced.
Average distance of nodes to root = 1.75
{0, 1, 2, 3, 4, 5, 6, 7}
{0, 1, 2, 3, 4, 5, 6, 7}
{5, 3, 6, 1, 4, 7, 0, 2}
{0, 1, 2, 3, 4, 5, 6, 7}
{0, 1, 2, 3, 4, 5, 6, 7}
3
2
8
Tree is balanced.
{5, 3, 6, 1, 4, 7, 0, 2}
6
Tree is balanced.
<0> is in tree.
3
8
{5, 3, 6, 1, 4, 7, 0, 2}
8
{0, 1, 2, 3, 4, 5, 6, 7}
Average distance of nodes to root = 1.75
8
8
<2> is in tree.
3
<1> is in tree.
{0, 1, 2, 3, 4, 5, 6, 7}
2
6
{5, 3, 6, 1, 4, 7, 0, 2}
2
Average distance of nodes to root = 1.75
{0, 1, 2, 3, 4, 5, 6, 7}
{5, 3, 6, 1, 4, 7, 0, 2}
8
<1> is in tree.
{0, 1, 2, 3, 4, 5, 6, 7}
8
{5, 3, 6, 1, 4, 7, 0, 2}
Average distance of nodes to root = 1.75
{0, 1, 2, 3, 4, 5, 6, 7}
3
<1> is in tree.
<6> is in tree.
Average distance of nodes to root = 1.75
Tree is balanced.
<4> is in tree.
{5, 3, 6, 1, 4, 7, 0, 2}
<5> is in tree.
<6> is in tree.
{0, 1, 2, 3, 4, 5, 6, 7}
{0, 1, 2, 3, 4, 5, 6, 7}
{0, 1, 2, 3, 4, 5, 6, 7}
{5, 3, 6, 1, 4, 7, 0, 2}
Average distance of nodes to root = 1.75
{0, 1, 2, 3, 4, 5, 6, 7}
<1> is in tree.
{5, 3, 6, 1, 4, 7, 0, 2}
Tree is balanced.
{5, 3, 6, 1, 4, 7, 0, 2}
4
<7> is in tree.
{0, 1, 2, 3, 4, 5, 6, 7}
Tree is balanced.
{5, 3, 6, 1, 4, 7, 0, 2}
<2> is in tree.
{0, 1, 2, 3, 4, 5, 6, 7}
{0, 1, 2, 3, 4, 5, 6, 7}
Average distance of nodes to root = 1.75
Tree is balanced.
<3> is in tree.
{5, 3, 6, 1, 4, 7, 0, 2}
{5, 3, 6, 1, 4, 7, 0, 2}
4
3
8
<4> is in tree.
<6> is in tree.
<2> is in tree.
{5, 3, 6, 1, 4, 7, 0, 2}
{5, 3, 6, 1, 4, 7, 0, 2}
{0, 1, 2, 3, 4, 5, 6, 7}
<1> is in tree.
{0, 1, 2, 3, 4, 5, 6, 7}
0
{5, 3, 6, 1, 4, 7, 0, 2}
{0, 1, 2, 3, 4, 5, 6, 7}
8
{0, 1, 2, 3, 4, 5, 6, 7}
Tree is balanced.
{0, 1, 2, 3, 4, 5, 6, 7}
{5, 3, 6, 1, 4, 7, 0, 2}
{5, 3, 6, 1, 4, 7, 0, 2}
3
{5, 3, 6, 1, 4, 7, 0, 2}
Tree is balanced.
8
8
2
<7> is in tree.
{5, 3, 6, 1, 4, 7, 0, 2}
<5> is in tree.
8
<7> is in tree.
Tree is balanced.
Average distance of nodes to root = 1.75
{5, 3, 6, 1, 4, 7, 0, 2}
Tree is balanced.
8
Average distance of nodes to root = 1.75
Average distance of nodes to root = 1.75
<1> is in tree.
Tree is balanced.
{5, 3, 6, 1, 4, 7, 0, 2}
{0, 1, 2, 3, 4, 5, 6, 7}
Average distance of nodes to root = 1.75
{5, 3, 6, 1, 4, 7, 0, 2}
<5> is in tree.
8
Average distance of nodes to root = 1.75
{5, 3, 6, 1, 4, 7, 0, 2}
Average distance of nodes to root = 1.75
8
{5, 3, 6, 1, 4, 7, 0, 2}
<6> is in tree.
{0, 1, 2, 3, 4, 5, 6, 7}
{0, 1, 2, 3, 4, 5, 6, 7}
{0, 1, 2, 3, 4, 5, 6, 7}
Tree is balanced.
Average distance of nodes to root = 1.75
<3> is in tree.
Average distance of nodes to root = 1.75
{5, 3, 6, 1, 4, 7, 0, 2}
Average distance of nodes to root = 1.75
Average distance of nodes to root = 1.75
Average distance of nodes to root = 1.75
0
Average distance of nodes to root = 1.75
4
{0, 1, 2, 3, 4, 5, 6, 7}
{0, 1, 2, 3, 4, 5, 6, 7}
{5, 3, 6, 1, 4, 7, 0, 2}
{5, 3, 6, 1, 4, 7, 0, 2}
4
Tree is balanced.
8
6
<7> is in tree.
8
<1> is in tree.
{0, 1, 2, 3, 4, 5, 6, 7}
0
8
1
<6> is in tree.
Average distance of nodes to root = 1.75
Tree is balanced.
{5, 3, 6, 1, 4, 7, 0, 2}
<4> is in tree.
8
<3> is in tree.
8
Average distance of nodes to root = 1.75
Average distance of nodes to root = 1.75
8
2
Average distance of nodes to root = 1.75
<2> is in tree.
8
Tree is balanced.
<1> is in tree.
4
3
Tree is balanced.
Tree is balanced.
Tree is balanced.
<7> is in tree.
8
{5, 3, 6, 1, 4, 7, 0, 2}
{5, 3, 6, 1, 4, 7, 0, 2}
8
4
8
{0, 1, 2, 3, 4, 5, 6, 7}
{5, 3, 6, 1, 4, 7, 0, 2}
Average distance of nodes to root = 1.75
{5, 3, 6, 1, 4, 7, 0, 2}
Average distance of nodes to root = 1.75
Tree is balanced.
Average distance of nodes to root = 1.75
{5, 3, 6, 1, 4, 7, 0, 2}
1
7
8
{5, 3, 6, 1, 4, 7, 0, 2}
8
Tree is balanced.
{0, 1, 2, 3, 4, 5, 6, 7}
Average distance of nodes to root = 1.75
Tree is balanced.
5
{5, 3, 6, 1, 4, 7, 0, 2}
6
{0, 1, 2, 3, 4, 5, 6, 7}
{5, 3, 6, 1, 4, 7, 0, 2}
1
6
{0, 1, 2, 3, 4, 5, 6, 7}
{5, 3, 6, 1, 4, 7, 0, 2}
Average distance of nodes to root = 1.75
Tree is balanced.
{0, 1, 2, 3, 4, 5, 6, 7}
8
Tree is balanced.
1
{5, 3, 6, 1, 4, 7, 0, 2}
Average distance of nodes to root = 1.75
{0, 1, 2, 3, 4, 5, 6, 7}
<7> is in tree.
{5, 3, 6, 1, 4, 7, 0, 2}
{0, 1, 2, 3, 4, 5, 6, 7}
{5, 3, 6, 1, 4, 7, 0, 2}
8
Tree is balanced.
{0, 1, 2, 3, 4, 5, 6, 7}
0
Average distance of nodes to root = 1.75
{0, 1, 2, 3, 4, 5, 6, 7}
<5> is in tree.
{5, 3, 6, 1, 4, 7, 0, 2}
Average distance of nodes to root = 1.75
Average distance of nodes to root = 1.75
Average distance of nodes to root = 1.75
{5, 3, 6, 1, 4, 7, 0, 2}
Tree is balanced.
<3> is in tree.
Tree is balanced.
{0, 1, 2, 3, 4, 5, 6, 7}
<3> is in tree.
{0, 1, 2, 3, 4, 5, 6, 7}
Tree is balanced.
Average distance of nodes to root = 1.75
{0, 1, 2, 3, 4, 5, 6, 7}
<4> is in tree.
5
1
<6> is in tree.
1
1
<6> is in tree.
0
<5> is in tree.
8
{0, 1, 2, 3, 4, 5, 6, 7}
1
<3> is in tree.
Tree is balanced.
8
Tree is balanced.
{5, 3, 6, 1, 4, 7, 0, 2}
{0, 1, 2, 3, 4, 5, 6, 7}
<6> is in tree.
{0, 1, 2, 3, 4, 5, 6, 7}
<6> is in tree.
{0, 1, 2, 3, 4, 5, 6, 7}
{5, 3, 6, 1, 4, 7, 0, 2}
8
0
4
{5, 3, 6, 1, 4, 7, 0, 2}
1
Average distance of nodes to root = 1.75
Tree is balanced.
Average distance of nodes to root = 1.75
<7> is in tree.
<5> is in tree.
<5> is in tree.
8
<0> is in tree.
{5, 3, 6, 1, 4, 7, 0, 2}
6
8
8
0
Tree is balanced.
<3> is in tree.
8
Average distance of nodes to root = 1.75
8
<1> is in tree.
{0, 1, 2, 3, 4, 5, 6, 7}
{5, 3, 6, 1, 4, 7, 0, 2}
{0, 1, 2, 3, 4, 5, 6, 7}
{0, 1, 2, 3, 4, 5, 6, 7}
Tree is balanced.
{5, 3, 6, 1, 4, 7, 0, 2}
8
0
Tree is balanced.
3
8
7
Average distance of nodes to root = 1.75
<4> is in tree.
8
Average distance of nodes to root = 1.75
Tree is balanced.
{5, 3, 6, 1, 4, 7, 0, 2}
1
Average distance of nodes to root = 1.75
1
<0> is in tree.
<2> is in tree.
{0, 1, 2, 3, 4, 5, 6, 7}
Tree is balanced.
{0, 1, 2, 3, 4, 5, 6, 7}
8
<2> is in tree.
6
8
Average distance of nodes to root = 1.75
Average distance of nodes to root = 1.75
8
0
2
8
<3> is in tree.
Average distance of nodes to root = 1.75
8
{5, 3, 6, 1, 4, 7, 0, 2}
{0, 1, 2, 3, 4, 5, 6, 7}
7
{5, 3, 6, 1, 4, 7, 0, 2}
{5, 3, 6, 1, 4, 7, 0, 2}
0
Tree is balanced.
{5, 3, 6, 1, 4, 7, 0, 2}
{0, 1, 2, 3, 4, 5, 6, 7}
8
Average distance of nodes to root = 1.75
Tree is balanced.
5
8
{5, 3, 6, 1, 4, 7, 0, 2}
Average distance of nodes to root = 1.75
<2> is in tree.
8
Tree is balanced.
6
Average distance of nodes to root = 1.75
<4> is in tree.
{5, 3, 6, 1, 4, 7, 0, 2}
8
Average distance of nodes to root = 1.75
8
0
Tree is balanced.
Average distance of nodes to root = 1.75
5
1
{0, 1, 2, 3, 4, 5, 6, 7}
Average distance of nodes to root = 1.75
{5, 3, 6, 1, 4, 7, 0, 2}
{0, 1, 2, 3, 4, 5, 6, 7}
<4> is in tree.
{5, 3, 6, 1, 4, 7, 0, 2}
{0, 1, 2, 3, 4, 5, 6, 7}
Average distance of nodes to root = 1.75
<4> is in tree.
7
{0, 1, 2, 3, 4, 5, 6, 7}
Tree is balanced.
Tree is balanced.
Tree is balanced.
Tree is balanced.
5
{0, 1, 2, 3, 4, 5, 6, 7}
4
{0, 1, 2, 3, 4, 5, 6, 7}
<5> is in tree.
5
7
8
{5, 3, 6, 1, 4, 7, 0, 2}
Average distance of nodes to root = 1.75
Tree is balanced.
<2> is in tree.
Tree is balanced.
{5, 3, 6, 1, 4, 7, 0, 2}
{5, 3, 6, 1, 4, 7, 0, 2}
<4> is in tree.
8
Average distance of nodes to root = 1.75
Tree is balanced.
<1> is in tree.
4
<3> is in tree.
6
<1> is in tree.
<7> is in tree.
{5, 3, 6, 1, 4, 7, 0, 2}
2
Tree is balanced.
{5, 3, 6, 1, 4, 7, 0, 2}
<0> is in tree.
Average distance of nodes to root = 1.75
<0> is in tree.
Tree is balanced.
{5, 3, 6, 1, 4, 7, 0, 2}
Tree is balanced.
Average distance of nodes to root = 1.75
Average distance of nodes to root = 1.75
5
Tree is balanced.
Average distance of nodes to root = 1.75
{0, 1, 2, 3, 4, 5, 6, 7}
{5, 3, 6, 1, 4, 7, 0, 2}
{5, 3, 6, 1, 4, 7, 0, 2}
Tree is balanced.
{5, 3, 6, 1, 4, 7, 0, 2}
Average distance of nodes to root = 1.75
<1> is in tree.
4
Average distance of nodes to root = 1.75
8
1
{5, 3, 6, 1, 4, 7, 0, 2}
Tree is balanced.
{0, 1, 2, 3, 4, 5, 6, 7}
6
<0> is in tree.
Average distance of nodes to root = 1.75
4
{5, 3, 6, 1, 4, 7, 0, 2}
Tree is balanced.
{5, 3, 6, 1, 4, 7, 0, 2}
Average distance of nodes to root = 1.75
8
6
3
5
7
{0, 1, 2, 3, 4, 5, 6, 7}
8
8
8
{0, 1, 2, 3, 4, 5, 6, 7}
{5, 3, 6, 1, 4, 7, 0, 2}
{5, 3, 6, 1, 4, 7, 0, 2}
{5, 3, 6, 1, 4, 7, 0, 2}
Average distance of nodes to root = 1.75
8
8
<2> is in tree.
Tree is balanced.
Tree is balanced.
6
<2> is in tree.
Tree is balanced.
1
<5> is in tree.
8
{0, 1, 2, 3, 4, 5, 6, 7}
3
{5, 3, 6, 1, 4, 7, 0, 2}
3
Average distance of nodes to root = 1.75
{0, 1, 2, 3, 4, 5, 6, 7}
6
4
Average distance of nodes to root = 1.75
7
{0, 1, 2, 3, 4, 5, 6, 7}
Average distance of nodes to root = 1.75
0
{0, 1, 2, 3, 4, 5, 6, 7}
{0, 1, 2, 3, 4, 5, 6, 7}
{5, 3, 6, 1, 4, 7, 0, 2}
Average distance of nodes to root = 1.75
Average distance of nodes to root = 1.75
Average distance of nodes to root = 1.75
<2> is in tree.
8
{0, 1, 2, 3, 4, 5, 6, 7}
0
Average distance of nodes to root = 1.75
Average distance of nodes to root = 1.75
<2> is in tree.
{0, 1, 2, 3, 4, 5, 6, 7}
Tree is balanced.
{0, 1, 2, 3, 4, 5, 6, 7}
{0, 1, 2, 3, 4, 5, 6, 7}
{0, 1, 2, 3, 4, 5, 6, 7}
Tree is balanced.
Tree is balanced.
Tree is balanced.
8
8
8
8
<3> is in tree.
{5, 3, 6, 1, 4, 7, 0, 2}
<2> is in tree.
{0, 1, 2, 3, 4, 5, 6, 7}
<5> is in tree.
Tree is balanced.
8
8
{0, 1, 2, 3, 4, 5, 6, 7}
8
Average distance of nodes to root = 1.75
8
{5, 3, 6, 1, 4, 7, 0, 2}
<7> is in tree.
0
Tree is balanced.
<2> is in tree.
Tree is balanced.
{5, 3, 6, 1, 4, 7, 0, 2}
{0, 1, 2, 3, 4, 5, 6, 7}
<4> is in tree.
Average distance of nodes to root = 1.75
8
Tree is balanced.
4
Tree is balanced.
8
Average distance of nodes to root = 1.75
8
{0, 1, 2, 3, 4, 5, 6, 7}
{5, 3, 6, 1, 4, 7, 0, 2}
8
Average distance of nodes to root = 1.75
Average distance of nodes to root = 1.75
3
{5, 3, 6, 1, 4, 7, 0, 2}
4
5
8
<1> is in tree.
Tree is balanced.
{0, 1, 2, 3, 4, 5, 6, 7}
Tree is balanced.
8
{0, 1, 2, 3, 4, 5, 6, 7}
7
<6> is in tree.
Tree is balanced.
{0, 1, 2, 3, 4, 5, 6, 7}
4
Average distance of nodes to root = 1.75
8
{5, 3, 6, 1, 4, 7, 0, 2}
7
Average distance of nodes to root = 1.75
<1> is in tree.
{0, 1, 2, 3, 4, 5, 6, 7}
3
8
Average distance of nodes to root = 1.75
Average distance of nodes to root = 1.75
{0, 1, 2, 3, 4, 5, 6, 7}
{0, 1, 2, 3, 4, 5, 6, 7}
4
5
Average distance of nodes to root = 1.75
Average distance of nodes to root = 1.75
8
6
0
{0, 1, 2, 3, 4, 5, 6, 7}
8
6
{0, 1, 2, 3, 4, 5, 6, 7}
Tree is balanced.
Average distance of nodes to root = 1.75
{5, 3, 6, 1, 4, 7, 0, 2}
{0, 1, 2, 3, 4, 5, 6, 7}
<2> is in tree.
<3> is in tree.
Tree is balanced.
8
{5, 3, 6, 1, 4, 7, 0, 2}
<1> is in tree.
2
<2> is in tree.
Average distance of nodes to root = 1.75
{0, 1, 2, 3, 4, 5, 6, 7}
Average distance of nodes to root = 1.75
Average distance of nodes to root = 1.75
8
8
{5, 3, 6, 1, 4, 7, 0, 2}
{0, 1, 2, 3, 4, 5, 6, 7}
{5, 3, 6, 1, 4, 7, 0, 2}
Average distance of nodes to root = 1.75
{5, 3, 6, 1, 4, 7, 0, 2}
3
{5, 3, 6, 1, 4, 7, 0, 2}
<0> is in tree.
Average distance of nodes to root = 1.75
2
8
Tree is balanced.
4
1
Tree is balanced.
<0> is in tree.
<6> is in tree.
{5, 3, 6, 1, 4, 7, 0, 2}
{5, 3, 6, 1, 4, 7, 0, 2}
{5, 3, 6, 1, 4, 7, 0, 2}
<4> is in tree.
{5, 3, 6, 1, 4, 7, 0, 2}
{5, 3, 6, 1, 4, 7, 0, 2}
<5> is in tree.
<7> is in tree.
<2> is in tree.
{0, 1, 2, 3, 4, 5, 6, 7}
3
3
<2> is in tree.
3
{5, 3, 6, 1, 4, 7, 0, 2}
Tree is balanced.
8
{0, 1, 2, 3, 4, 5, 6, 7}
{0, 1, 2, 3, 4, 5, 6, 7}
8
<1> is in tree.
Average distance of nodes to root = 1.75
Average distance of nodes to root = 1.75
{5, 3, 6, 1, 4, 7, 0, 2}
{5, 3, 6, 1, 4, 7, 0, 2}
5
Tree is balanced.
8
{5, 3, 6, 1, 4, 7, 0, 2}
1
Tree is balanced.
{0, 1, 2, 3, 4, 5, 6, 7}
Average distance of nodes to root = 1.75
Average distance of nodes to root = 1.75
Average distance of nodes to root = 1.75
8
{5, 3, 6, 1, 4, 7, 0, 2}
7
{5, 3, 6, 1, 4, 7, 0, 2}
8
6
{0, 1, 2, 3, 4, 5, 6, 7}
Average distance of nodes to root = 1.75
{5, 3, 6, 1, 4, 7, 0, 2}
7
{5, 3, 6, 1, 4, 7, 0, 2}
Tree is balanced.
{0, 1, 2, 3, 4, 5, 6, 7}
0
2
8
8
Average distance of nodes to root = 1.75
{5, 3, 6, 1, 4, 7, 0, 2}
{0, 1, 2, 3, 4, 5, 6, 7}
Tree is balanced.
{5, 3, 6, 1, 4, 7, 0, 2}
8
8
8
2
1
{0, 1, 2, 3, 4, 5, 6, 7}
<1> is in tree.
<6> is in tree.
{5, 3, 6, 1, 4, 7, 0, 2}
Average distance of nodes to root = 1.75
<5> is in tree.
5
