{}
Tree is balanced.
0
5
Average distance of nodes to root = 0
Tree is balanced.
{5}
<3> is not in tree.
Average distance of nodes to root = 0
{5}
{5}
{5}
<3> is not in tree.
{5}
Tree is balanced.
2
6
<2> is not in tree.
Tree is balanced.
<4> is not in tree.
Tree is balanced.
Average distance of nodes to root = 0
Average distance of nodes to root = 0
<1> is not in tree.
Average distance of nodes to root = 0
{0, 5}
Average distance of nodes to root = 0.5
<7> is not in tree.
Average distance of nodes to root = 1
<6> is not in tree.
Tree is not balanced.
2
{5, 0, 4, 1, 2}
{0, 1, 2, 4, 5}
Tree is not balanced.
Tree is not balanced.
5
Average distance of nodes to root = 2
{0, 1, 2, 4, 5}
<1> is in tree.
{0, 1, 2, 4, 5}
Tree is not balanced.
5
{5, 0, 4, 1, 2}
5
<5> is in tree.
<7> is not in tree.
<7> is not in tree.
Tree is not balanced.
2
<0> is in tree.
{0, 1, 2, 4, 5}
1
<0> is in tree.
Average distance of nodes to root = 2
Average distance of nodes to root = 2
{0, 1, 2, 4, 5}
Tree is not balanced.
Average distance of nodes to root = 2
4
Tree is not balanced.
5
Tree is not balanced.
{5, 0, 4, 1, 2}
5
0
Tree is not balanced.
{0, 1, 2, 4, 5, 6}
<5> is in tree.
6
{5, 0, 6, 4, 7, 1, 2}
Average distance of nodes to root = 1.85714
Tree is not balanced.
7
{0, 1, 2, 4, 5, 6, 7}
{0, 1, 2, 4, 5, 6, 7}
7
Average distance of nodes to root = 1.85714
{5, 0, 6, 4, 7, 1, 2}
7
{0, 1, 2, 4, 5, 6, 7}
Tree is not balanced.
{0, 1, 2, 4, 5, 6, 7}
7
Tree is not balanced.
<6> is in tree.
Average distance of nodes to root = 1.85714
Average distance of nodes to root = 1.85714
{5, 0, 6, 4, 7, 1, 2}
<3> is not in tree.
Tree is not balanced.
Average distance of nodes to root = 1.85714
Tree is not balanced.
<0> is in tree.
7
7
7
{0, 1, 2, 4, 5, 6, 7}
{0, 1, 2, 4, 5, 6, 7}
7
<7> is in tree.
Tree is not balanced.
Average distance of nodes to root = 1.85714
{5, 0, 6, 4, 7, 1, 2}
<1> is in tree.
1
{5, 0, 6, 4, 7, 1, 2, 3}
{5, 0, 6, 4, 7, 1, 2, 3}
7
8
{0, 1, 2, 3, 4, 5, 6, 7}
6
Average distance of nodes to root = 2.25
8
{5, 0, 6, 4, 7, 1, 2, 3}
<0> is in tree.
{0, 1, 2, 3, 4, 5, 6, 7}
<5> is in tree.
Average distance of nodes to root = 2.25
4
<7> is in tree.
{0, 1, 2, 3, 4, 5, 6, 7}
Average distance of nodes to root = 2.25
1
8
<2> is in tree.
Average distance of nodes to root = 2.25
{5, 0, 6, 4, 7, 1, 2, 3}
Average distance of nodes to root = 2.25
{5, 0, 6, 4, 7, 1, 2, 3}
{5, 0, 6, 4, 7, 1, 2, 3}
{5, 0, 6, 4, 7, 1, 2, 3}
<1> is in tree.
<0> is in tree.
Tree is not balanced.
{5, 0, 6, 4, 7, 1, 2, 3}
Tree is not balanced.
{0, 1, 2, 3, 4, 5, 6, 7}
Average distance of nodes to root = 2.25
2
{5, 0, 6, 4, 7, 1, 2, 3}
<6> is in tree.
3
{0, 1, 2, 3, 4, 5, 6, 7}
{0, 1, 2, 3, 4, 5, 6, 7}
8
Tree is not balanced.
Tree is not balanced.
{5, 0, 6, 4, 7, 1, 2, 3}
8
1
<5> is in tree.
6
5
Average distance of nodes to root = 2.25
8
{5, 0, 6, 4, 7, 1, 2, 3}
8
<7> is in tree.
8
{0, 1, 2, 3, 4, 5, 6, 7}
1
7
<0> is in tree.
{5, 0, 6, 4, 7, 1, 2, 3}
Average distance of nodes to root = 2.25
Average distance of nodes to root = 2.25
8
Tree is not balanced.
{5, 0, 6, 4, 7, 1, 2, 3}
Tree is not balanced.
8
<1> is in tree.
3
Average distance of nodes to root = 2.25
Tree is not balanced.
8
Tree is not balanced.
{0, 1, 2, 3, 4, 5, 6, 7}
8
Tree is not balanced.
Tree is not balanced.
{5, 0, 6, 4, 7, 1, 2, 3}
Tree is not balanced.
{5, 0, 6, 4, 7, 1, 2, 3}
{5, 0, 6, 4, 7, 1, 2, 3}
{0, 1, 2, 3, 4, 5, 6, 7}
{5, 0, 6, 4, 7, 1, 2, 3}
Average distance of nodes to root = 2.25
{0, 1, 2, 3, 4, 5, 6, 7}
<0> is in tree.
<5> is in tree.
8
Average distance of nodes to root = 2.25
8
Average distance of nodes to root = 2.25
Average distance of nodes to root = 2.25
Average distance of nodes to root = 2.25
Tree is not balanced.
Average distance of nodes to root = 2.25
{0, 1, 2, 3, 4, 5, 6, 7}
{0, 1, 2, 3, 4, 5, 6, 7}
{5, 0, 6, 4, 7, 1, 2, 3}
Tree is not balanced.
Average distance of nodes to root = 2.25
8
<1> is in tree.
8
<5> is in tree.
Average distance of nodes to root = 2.25
<2> is in tree.
Tree is not balanced.
Average distance of nodes to root = 2.25
5
Tree is not balanced.
Average distance of nodes to root = 2.25
{5, 0, 6, 4, 7, 1, 2, 3}
{5, 0, 6, 4, 7, 1, 2, 3}
3
<7> is in tree.
1
{0, 1, 2, 3, 4, 5, 6, 7}
<2> is in tree.
8
8
Tree is not balanced.
Tree is not balanced.
Tree is not balanced.
{5, 0, 6, 4, 7, 1, 2, 3}
{0, 1, 2, 3, 4, 5, 6, 7}
{5, 0, 6, 4, 7, 1, 2, 3}
2
Average distance of nodes to root = 2.25
{5, 0, 6, 4, 7, 1, 2, 3}
6
6
Average distance of nodes to root = 2.25
{5, 0, 6, 4, 7, 1, 2, 3}
0
{0, 1, 2, 3, 4, 5, 6, 7}
{5, 0, 6, 4, 7, 1, 2, 3}
Average distance of nodes to root = 2.25
{0, 1, 2, 3, 4, 5, 6, 7}
7
{5, 0, 6, 4, 7, 1, 2, 3}
{0, 1, 2, 3, 4, 5, 6, 7}
3
{0, 1, 2, 3, 4, 5, 6, 7}
<1> is in tree.
{0, 1, 2, 3, 4, 5, 6, 7}
8
{5, 0, 6, 4, 7, 1, 2, 3}
{5, 0, 6, 4, 7, 1, 2, 3}
{0, 1, 2, 3, 4, 5, 6, 7}
{0, 1, 2, 3, 4, 5, 6, 7}
{0, 1, 2, 3, 4, 5, 6, 7}
<2> is in tree.
8
{5, 0, 6, 4, 7, 1, 2, 3}
8
8
2
8
{5, 0, 6, 4, 7, 1, 2, 3}
Average distance of nodes to root = 2.25
Tree is not balanced.
Average distance of nodes to root = 2.25
<4> is in tree.
Average distance of nodes to root = 2.25
Average distance of nodes to root = 2.25
{5, 0, 6, 4, 7, 1, 2, 3}
{5, 0, 6, 4, 7, 1, 2, 3}
<1> is in tree.
{5, 0, 6, 4, 7, 1, 2, 3}
Average distance of nodes to root = 2.25
<7> is in tree.
8
{0, 1, 2, 3, 4, 5, 6, 7}
Tree is not balanced.
8
<5> is in tree.
{5, 0, 6, 4, 7, 1, 2, 3}
Average distance of nodes to root = 2.25
{5, 0, 6, 4, 7, 1, 2, 3}
4
Tree is not balanced.
{5, 0, 6, 4, 7, 1, 2, 3}
Tree is not balanced.
<1> is in tree.
8
<1> is in tree.
8
5
8
7
{0, 1, 2, 3, 4, 5, 6, 7}
Average distance of nodes to root = 2.25
{5, 0, 6, 4, 7, 1, 2, 3}
2
{5, 0, 6, 4, 7, 1, 2, 3}
7
<2> is in tree.
<7> is in tree.
<6> is in tree.
5
8
{0, 1, 2, 3, 4, 5, 6, 7}
8
{5, 0, 6, 4, 7, 1, 2, 3}
Average distance of nodes to root = 2.25
{0, 1, 2, 3, 4, 5, 6, 7}
{0, 1, 2, 3, 4, 5, 6, 7}
8
{0, 1, 2, 3, 4, 5, 6, 7}
{0, 1, 2, 3, 4, 5, 6, 7}
Average distance of nodes to root = 2.25
{5, 0, 6, 4, 7, 1, 2, 3}
8
8
{0, 1, 2, 3, 4, 5, 6, 7}
{0, 1, 2, 3, 4, 5, 6, 7}
Tree is not balanced.
{0, 1, 2, 3, 4, 5, 6, 7}
Tree is not balanced.
8
<5> is in tree.
{5, 0, 6, 4, 7, 1, 2, 3}
Average distance of nodes to root = 2.25
4
8
8
Average distance of nodes to root = 2.25
6
{5, 0, 6, 4, 7, 1, 2, 3}
{0, 1, 2, 3, 4, 5, 6, 7}
4
1
8
Tree is not balanced.
<5> is in tree.
1
{0, 1, 2, 3, 4, 5, 6, 7}
{5, 0, 6, 4, 7, 1, 2, 3}
Average distance of nodes to root = 2.25
<6> is in tree.
{0, 1, 2, 3, 4, 5, 6, 7}
Tree is not balanced.
{0, 1, 2, 3, 4, 5, 6, 7}
Average distance of nodes to root = 2.25
{0, 1, 2, 3, 4, 5, 6, 7}
{0, 1, 2, 3, 4, 5, 6, 7}
6
<6> is in tree.
<7> is in tree.
<6> is in tree.
Tree is not balanced.
Average distance of nodes to root = 2.25
Tree is not balanced.
8
8
Tree is not balanced.
1
{0, 1, 2, 3, 4, 5, 6, 7}
6
{0, 1, 2, 3, 4, 5, 6, 7}
Tree is not balanced.
8
<2> is in tree.
5
8
<7> is in tree.
8
{0, 1, 2, 3, 4, 5, 6, 7}
Tree is not balanced.
6
{0, 1, 2, 3, 4, 5, 6, 7}
8
<4> is in tree.
8
3
7
<7> is in tree.
8
7
Average distance of nodes to root = 2.25
8
8
<4> is in tree.
6
{0, 1, 2, 3, 4, 5, 6, 7}
{0, 1, 2, 3, 4, 5, 6, 7}
{5, 0, 6, 4, 7, 1, 2, 3}
{5, 0, 6, 4, 7, 1, 2, 3}
0
Tree is not balanced.
{5, 0, 6, 4, 7, 1, 2, 3}
8
{0, 1, 2, 3, 4, 5, 6, 7}
3
7
{5, 0, 6, 4, 7, 1, 2, 3}
Average distance of nodes to root = 2.25
<2> is in tree.
2
Tree is not balanced.
6
<7> is in tree.
Tree is not balanced.
8
Tree is not balanced.
{0, 1, 2, 3, 4, 5, 6, 7}
<1> is in tree.
{0, 1, 2, 3, 4, 5, 6, 7}
Tree is not balanced.
Tree is not balanced.
{5, 0, 6, 4, 7, 1, 2, 3}
Tree is not balanced.
Tree is not balanced.
8
{5, 0, 6, 4, 7, 1, 2, 3}
Tree is not balanced.
8
Tree is not balanced.
1
8
{0, 1, 2, 3, 4, 5, 6, 7}
Average distance of nodes to root = 2.25
<3> is in tree.
5
8
Average distance of nodes to root = 2.25
Tree is not balanced.
Tree is not balanced.
Tree is not balanced.
{0, 1, 2, 3, 4, 5, 6, 7}
Average distance of nodes to root = 2.25
8
Tree is not balanced.
8
Tree is not balanced.
{5, 0, 6, 4, 7, 1, 2, 3}
{5, 0, 6, 4, 7, 1, 2, 3}
Tree is not balanced.
<0> is in tree.
{0, 1, 2, 3, 4, 5, 6, 7}
3
{5, 0, 6, 4, 7, 1, 2, 3}
8
Tree is not balanced.
{5, 0, 6, 4, 7, 1, 2, 3}
Tree is not balanced.
<6> is in tree.
Average distance of nodes to root = 2.25
2
<7> is in tree.
Tree is not balanced.
<1> is in tree.
Average distance of nodes to root = 2.25
<2> is in tree.
{5, 0, 6, 4, 7, 1, 2, 3}
8
Average distance of nodes to root = 2.25
Average distance of nodes to root = 2.25
<7> is in tree.
Average distance of nodes to root = 2.25
<2> is in tree.
Average distance of nodes to root = 2.25
<4> is in tree.
{5, 0, 6, 4, 7, 1, 2, 3}
{5, 0, 6, 4, 7, 1, 2, 3}
Average distance of nodes to root = 2.25
{0, 1, 2, 3, 4, 5, 6, 7}
{5, 0, 6, 4, 7, 1, 2, 3}
<6> is in tree.
{5, 0, 6, 4, 7, 1, 2, 3}
<1> is in tree.
Average distance of nodes to root = 2.25
Tree is not balanced.
{5, 0, 6, 4, 7, 1, 2, 3}
8
{0, 1, 2, 3, 4, 5, 6, 7}
{0, 1, 2, 3, 4, 5, 6, 7}
{5, 0, 6, 4, 7, 1, 2, 3}
Average distance of nodes to root = 2.25
2
Average distance of nodes to root = 2.25
Average distance of nodes to root = 2.25
Tree is not balanced.
Average distance of nodes to root = 2.25
Tree is not balanced.
<4> is in tree.
{0, 1, 2, 3, 4, 5, 6, 7}
Average distance of nodes to root = 2.25
6
Average distance of nodes to root = 2.25
8
{5, 0, 6, 4, 7, 1, 2, 3}
Average distance of nodes to root = 2.25
{0, 1, 2, 3, 4, 5, 6, 7}
4
Tree is not balanced.
Average distance of nodes to root = 2.25
{5, 0, 6, 4, 7, 1, 2, 3}
5
Tree is not balanced.
7
Average distance of nodes to root = 2.25
8
<4> is in tree.
Tree is not balanced.
Average distance of nodes to root = 2.25
{5, 0, 6, 4, 7, 1, 2, 3}
Tree is not balanced.
1
8
6
<0> is in tree.
<0> is in tree.
Tree is not balanced.
{0, 1, 2, 3, 4, 5, 6, 7}
5
8
3
{0, 1, 2, 3, 4, 5, 6, 7}
8
{0, 1, 2, 3, 4, 5, 6, 7}
3
{0, 1, 2, 3, 4, 5, 6, 7}
<0> is in tree.
Average distance of nodes to root = 2.25
Tree is not balanced.
<1> is in tree.
<2> is in tree.
Average distance of nodes to root = 2.25
7
{5, 0, 6, 4, 7, 1, 2, 3}
<5> is in tree.
<5> is in tree.
Tree is not balanced.
5
3
Tree is not balanced.
<2> is in tree.
{5, 0, 6, 4, 7, 1, 2, 3}
{5, 0, 6, 4, 7, 1, 2, 3}
<4> is in tree.
{0, 1, 2, 3, 4, 5, 6, 7}
{5, 0, 6, 4, 7, 1, 2, 3}
Tree is not balanced.
Tree is not balanced.
{5, 0, 6, 4, 7, 1, 2, 3}
Tree is not balanced.
8
{5, 0, 6, 4, 7, 1, 2, 3}
{0, 1, 2, 3, 4, 5, 6, 7}
{0, 1, 2, 3, 4, 5, 6, 7}
Average distance of nodes to root = 2.25
8
8
<7> is in tree.
8
7
{5, 0, 6, 4, 7, 1, 2, 3}
{5, 0, 6, 4, 7, 1, 2, 3}
8
<2> is in tree.
Tree is not balanced.
Average distance of nodes to root = 2.25
<5> is in tree.
{5, 0, 6, 4, 7, 1, 2, 3}
{0, 1, 2, 3, 4, 5, 6, 7}
7
Average distance of nodes to root = 2.25
<3> is in tree.
<0> is in tree.
<3> is in tree.
4
{0, 1, 2, 3, 4, 5, 6, 7}
{0, 1, 2, 3, 4, 5, 6, 7}
Tree is not balanced.
7
{0, 1, 2, 3, 4, 5, 6, 7}
8
Tree is not balanced.
{5, 0, 6, 4, 7, 1, 2, 3}
Average distance of nodes to root = 2.25
<1> is in tree.
Tree is not balanced.
8
{5, 0, 6, 4, 7, 1, 2, 3}
{0, 1, 2, 3, 4, 5, 6, 7}
8
<1> is in tree.
1
Tree is not balanced.
Average distance of nodes to root = 2.25
2
Tree is not balanced.
8
Tree is not balanced.
{0, 1, 2, 3, 4, 5, 6, 7}
Tree is not balanced.
<0> is in tree.
{5, 0, 6, 4, 7, 1, 2, 3}
{0, 1, 2, 3, 4, 5, 6, 7}
8
5
7
{0, 1, 2, 3, 4, 5, 6, 7}
{5, 0, 6, 4, 7, 1, 2, 3}
Tree is not balanced.
{0, 1, 2, 3, 4, 5, 6, 7}
<3> is in tree.
8
<4> is in tree.
8
8
8
{5, 0, 6, 4, 7, 1, 2, 3}
4
Tree is not balanced.
{0, 1, 2, 3, 4, 5, 6, 7}
7
Tree is not balanced.
Tree is not balanced.
<5> is in tree.
8
3
Average distance of nodes to root = 2.25
Average distance of nodes to root = 2.25
{5, 0, 6, 4, 7, 1, 2, 3}
<7> is in tree.
4
{0, 1, 2, 3, 4, 5, 6, 7}
Average distance of nodes to root = 2.25
Average distance of nodes to root = 2.25
5
<1> is in tree.
Average distance of nodes to root = 2.25
3
8
{0, 1, 2, 3, 4, 5, 6, 7}
3
8
8
{5, 0, 6, 4, 7, 1, 2, 3}
<6> is in tree.
1
8
{0, 1, 2, 3, 4, 5, 6, 7}
3
Tree is not balanced.
3
Tree is not balanced.
Tree is not balanced.
Average distance of nodes to root = 2.25
Average distance of nodes to root = 2.25
<0> is in tree.
Average distance of nodes to root = 2.25
Tree is not balanced.
Tree is not balanced.
8
<1> is in tree.
{5, 0, 6, 4, 7, 1, 2, 3}
3
<4> is in tree.
{0, 1, 2, 3, 4, 5, 6, 7}
{5, 0, 6, 4, 7, 1, 2, 3}
Average distance of nodes to root = 2.25
{5, 0, 6, 4, 7, 1, 2, 3}
8
{5, 0, 6, 4, 7, 1, 2, 3}
5
<3> is in tree.
<7> is in tree.
Tree is not balanced.
<5> is in tree.
<3> is in tree.
Average distance of nodes to root = 2.25
{0, 1, 2, 3, 4, 5, 6, 7}
Average distance of nodes to root = 2.25
Average distance of nodes to root = 2.25
Average distance of nodes to root = 2.25
0
5
5
{5, 0, 6, 4, 7, 1, 2, 3}
8
<0> is in tree.
{0, 1, 2, 3, 4, 5, 6, 7}
Average distance of nodes to root = 2.25
<2> is in tree.
8
3
3
Average distance of nodes to root = 2.25
Average distance of nodes to root = 2.25
<6> is in tree.
{0, 1, 2, 3, 4, 5, 6, 7}
{5, 0, 6, 4, 7, 1, 2, 3}
Tree is not balanced.
<0> is in tree.
8
{5, 0, 6, 4, 7, 1, 2, 3}
{0, 1, 2, 3, 4, 5, 6, 7}
7
8
Tree is not balanced.
8
{5, 0, 6, 4, 7, 1, 2, 3}
{0, 1, 2, 3, 4, 5, 6, 7}
0
{5, 0, 6, 4, 7, 1, 2, 3}
{0, 1, 2, 3, 4, 5, 6, 7}
8
8
<5> is in tree.
8
<0> is in tree.
{0, 1, 2, 3, 4, 5, 6, 7}
Average distance of nodes to root = 2.25
5
Average distance of nodes to root = 2.25
{0, 1, 2, 3, 4, 5, 6, 7}
{0, 1, 2, 3, 4, 5, 6, 7}
1
Average distance of nodes to root = 2.25
{0, 1, 2, 3, 4, 5, 6, 7}
2
{5, 0, 6, 4, 7, 1, 2, 3}
{0, 1, 2, 3, 4, 5, 6, 7}
0
6
{5, 0, 6, 4, 7, 1, 2, 3}
5
8
{5, 0, 6, 4, 7, 1, 2, 3}
Tree is not balanced.
1
8
{0, 1, 2, 3, 4, 5, 6, 7}
8
{0, 1, 2, 3, 4, 5, 6, 7}
{0, 1, 2, 3, 4, 5, 6, 7}
{5, 0, 6, 4, 7, 1, 2, 3}
Average distance of nodes to root = 2.25
Average distance of nodes to root = 2.25
1
5
Average distance of nodes to root = 2.25
<0> is in tree.
<7> is in tree.
Tree is not balanced.
5
Average distance of nodes to root = 2.25
<5> is in tree.
<7> is in tree.
Average distance of nodes to root = 2.25
{5, 0, 6, 4, 7, 1, 2, 3}
6
<6> is in tree.
Average distance of nodes to root = 2.25
{0, 1, 2, 3, 4, 5, 6, 7}
8
3
Tree is not balanced.
Tree is not balanced.
Average distance of nodes to root = 2.25
{0, 1, 2, 3, 4, 5, 6, 7}
Average distance of nodes to root = 2.25
Average distance of nodes to root = 2.25
3
Tree is not balanced.
{0, 1, 2, 3, 4, 5, 6, 7}
8
8
{0, 1, 2, 3, 4, 5, 6, 7}
Average distance of nodes to root = 2.25
<0> is in tree.
<5> is in tree.
1
7
8
8
{5, 0, 6, 4, 7, 1, 2, 3}
Average distance of nodes to root = 2.25
<4> is in tree.
{0, 1, 2, 3, 4, 5, 6, 7}
4
Average distance of nodes to root = 2.25
{0, 1, 2, 3, 4, 5, 6, 7}
Average distance of nodes to root = 2.25
Tree is not balanced.
Average distance of nodes to root = 2.25
<1> is in tree.
1
3
{5, 0, 6, 4, 7, 1, 2, 3}
{5, 0, 6, 4, 7, 1, 2, 3}
8
{5, 0, 6, 4, 7, 1, 2, 3}
{0, 1, 2, 3, 4, 5, 6, 7}
{0, 1, 2, 3, 4, 5, 6, 7}
Tree is not balanced.
{5, 0, 6, 4, 7, 1, 2, 3}
Average distance of nodes to root = 2.25
Average distance of nodes to root = 2.25
{5, 0, 6, 4, 7, 1, 2, 3}
{0, 1, 2, 3, 4, 5, 6, 7}
{0, 1, 2, 3, 4, 5, 6, 7}
4
Average distance of nodes to root = 2.25
{0, 1, 2, 3, 4, 5, 6, 7}
4
{0, 1, 2, 3, 4, 5, 6, 7}
{5, 0, 6, 4, 7, 1, 2, 3}
<1> is in tree.
<1> is in tree.
8
0
{0, 1, 2, 3, 4, 5, 6, 7}
{0, 1, 2, 3, 4, 5, 6, 7}
{0, 1, 2, 3, 4, 5, 6, 7}
<1> is in tree.
Average distance of nodes to root = 2.25
{5, 0, 6, 4, 7, 1, 2, 3}
{5, 0, 6, 4, 7, 1, 2, 3}
<4> is in tree.
1
Tree is not balanced.
{5, 0, 6, 4, 7, 1, 2, 3}
Average distance of nodes to root = 2.25
Average distance of nodes to root = 2.25
6
6
4
{5, 0, 6, 4, 7, 1, 2, 3}
{5, 0, 6, 4, 7, 1, 2, 3}
<3> is in tree.
8
Tree is not balanced.
<1> is in tree.
{5, 0, 6, 4, 7, 1, 2, 3}
Average distance of nodes to root = 2.25
8
<4> is in tree.
<3> is in tree.
Tree is not balanced.
Tree is not balanced.
Average distance of nodes to root = 2.25
5
1
8
Tree is not balanced.
Average distance of nodes to root = 2.25
{0, 1, 2, 3, 4, 5, 6, 7}
8
8
{5, 0, 6, 4, 7, 1, 2, 3}
{5, 0, 6, 4, 7, 1, 2, 3}
1
{0, 1, 2, 3, 4, 5, 6, 7}
<1> is in tree.
<4> is in tree.
2
Tree is not balanced.
<0> is in tree.
8
Average distance of nodes to root = 2.25
