{}
{6}
Tree is balanced.
1
Tree is balanced.
1
3
Tree is balanced.
{6}
{3, 6}
{1, 2, 3, 6}
Tree is not balanced.
{6, 3, 1, 5, 2}
6
Average distance of nodes to root = 1.83333
{0, 1, 2, 3, 5, 6}
6
{6, 3, 1, 5, 0, 2}
Average distance of nodes to root = 1.83333
{0, 1, 2, 3, 5, 6}
7
1
<2> is in tree.
<1> is in tree.
Average distance of nodes to root = 1.83333
{6, 3, 1, 5, 0, 2}
{6, 3, 1, 5, 0, 2}
2
6
Tree is not balanced.
6
<1> is in tree.
6
Tree is not balanced.
7
7
6
<4> is not in tree.
Average distance of nodes to root = 1.83333
0
6
6
3
<4> is not in tree.
<7> is not in tree.
3
Tree is not balanced.
Tree is not balanced.
Tree is not balanced.
{6, 3, 1, 5, 0, 2}
{6, 3, 1, 5, 0, 2}
6
4
Tree is not balanced.
6
Average distance of nodes to root = 1.83333
Average distance of nodes to root = 1.83333
{0, 1, 2, 3, 5, 6}
Tree is not balanced.
<5> is in tree.
{6, 3, 1, 5, 0, 2}
{6, 3, 1, 5, 0, 2}
Average distance of nodes to root = 1.83333
Average distance of nodes to root = 1.83333
Average distance of nodes to root = 1.83333
<3> is in tree.
Tree is not balanced.
6
Average distance of nodes to root = 1.83333
4
Average distance of nodes to root = 1.83333
{6, 3, 1, 5, 0, 2}
Tree is not balanced.
1
Tree is not balanced.
{0, 1, 2, 3, 5, 6}
4
Average distance of nodes to root = 1.83333
6
<4> is not in tree.
{0, 1, 2, 3, 5, 6}
6
<2> is in tree.
0
Tree is not balanced.
6
Average distance of nodes to root = 1.83333
6
{6, 3, 1, 5, 0, 2}
{0, 1, 2, 3, 5, 6}
6
Average distance of nodes to root = 1.83333
Average distance of nodes to root = 1.83333
6
{0, 1, 2, 3, 5, 6}
4
<5> is in tree.
Tree is not balanced.
6
Tree is not balanced.
1
1
6
Average distance of nodes to root = 1.83333
Tree is not balanced.
0
{0, 1, 2, 3, 5, 6}
Tree is not balanced.
<3> is in tree.
2
{0, 1, 2, 3, 5, 6, 7}
{6, 3, 7, 1, 5, 0, 2}
7
5
Average distance of nodes to root = 1.71429
Average distance of nodes to root = 1.71429
{0, 1, 2, 3, 5, 6, 7}
Average distance of nodes to root = 1.71429
7
{6, 3, 7, 1, 5, 0, 2}
{6, 3, 7, 1, 5, 0, 2}
{6, 3, 7, 1, 5, 0, 2}
Tree is not balanced.
Tree is not balanced.
5
{0, 1, 2, 3, 5, 6, 7}
5
Average distance of nodes to root = 1.71429
Average distance of nodes to root = 1.71429
{0, 1, 2, 3, 5, 6, 7}
7
<6> is in tree.
{0, 1, 2, 3, 5, 6, 7}
{0, 1, 2, 3, 5, 6, 7}
Tree is not balanced.
7
<0> is in tree.
Average distance of nodes to root = 1.71429
Average distance of nodes to root = 1.71429
<2> is in tree.
Tree is not balanced.
Tree is not balanced.
7
Tree is not balanced.
7
{6, 3, 7, 1, 5, 0, 2}
{0, 1, 2, 3, 4, 5, 6, 7}
6
0
<0> is in tree.
2
{0, 1, 2, 3, 4, 5, 6, 7}
8
Average distance of nodes to root = 1.875
{0, 1, 2, 3, 4, 5, 6, 7}
1
4
{0, 1, 2, 3, 4, 5, 6, 7}
<0> is in tree.
Tree is not balanced.
7
Tree is not balanced.
8
<1> is in tree.
{0, 1, 2, 3, 4, 5, 6, 7}
{6, 3, 7, 1, 5, 0, 2, 4}
Average distance of nodes to root = 1.875
{0, 1, 2, 3, 4, 5, 6, 7}
8
8
Tree is not balanced.
{0, 1, 2, 3, 4, 5, 6, 7}
<0> is in tree.
Tree is not balanced.
<3> is in tree.
<3> is in tree.
0
1
Tree is not balanced.
8
{0, 1, 2, 3, 4, 5, 6, 7}
8
<0> is in tree.
Average distance of nodes to root = 1.875
Tree is not balanced.
{6, 3, 7, 1, 5, 0, 2, 4}
8
{0, 1, 2, 3, 4, 5, 6, 7}
8
{0, 1, 2, 3, 4, 5, 6, 7}
6
Tree is not balanced.
{6, 3, 7, 1, 5, 0, 2, 4}
8
Tree is not balanced.
7
Tree is not balanced.
{6, 3, 7, 1, 5, 0, 2, 4}
<6> is in tree.
<0> is in tree.
8
Tree is not balanced.
Average distance of nodes to root = 1.875
Average distance of nodes to root = 1.875
3
Tree is not balanced.
Tree is not balanced.
{6, 3, 7, 1, 5, 0, 2, 4}
{6, 3, 7, 1, 5, 0, 2, 4}
4
{6, 3, 7, 1, 5, 0, 2, 4}
{6, 3, 7, 1, 5, 0, 2, 4}
2
8
4
8
8
8
Tree is not balanced.
Average distance of nodes to root = 1.875
7
<3> is in tree.
1
<2> is in tree.
{0, 1, 2, 3, 4, 5, 6, 7}
Average distance of nodes to root = 1.875
Tree is not balanced.
8
0
Tree is not balanced.
{6, 3, 7, 1, 5, 0, 2, 4}
{6, 3, 7, 1, 5, 0, 2, 4}
8
<6> is in tree.
{6, 3, 7, 1, 5, 0, 2, 4}
{0, 1, 2, 3, 4, 5, 6, 7}
{0, 1, 2, 3, 4, 5, 6, 7}
8
Tree is not balanced.
8
1
0
<0> is in tree.
8
Average distance of nodes to root = 1.875
{0, 1, 2, 3, 4, 5, 6, 7}
{6, 3, 7, 1, 5, 0, 2, 4}
Average distance of nodes to root = 1.875
8
{0, 1, 2, 3, 4, 5, 6, 7}
{6, 3, 7, 1, 5, 0, 2, 4}
Tree is not balanced.
Average distance of nodes to root = 1.875
Average distance of nodes to root = 1.875
6
{0, 1, 2, 3, 4, 5, 6, 7}
{0, 1, 2, 3, 4, 5, 6, 7}
{0, 1, 2, 3, 4, 5, 6, 7}
{0, 1, 2, 3, 4, 5, 6, 7}
8
<1> is in tree.
0
Average distance of nodes to root = 1.875
8
8
<7> is in tree.
{6, 3, 7, 1, 5, 0, 2, 4}
4
{6, 3, 7, 1, 5, 0, 2, 4}
8
8
Tree is not balanced.
7
{6, 3, 7, 1, 5, 0, 2, 4}
{0, 1, 2, 3, 4, 5, 6, 7}
8
Average distance of nodes to root = 1.875
1
Tree is not balanced.
{0, 1, 2, 3, 4, 5, 6, 7}
{6, 3, 7, 1, 5, 0, 2, 4}
Tree is not balanced.
{6, 3, 7, 1, 5, 0, 2, 4}
<4> is in tree.
Tree is not balanced.
<0> is in tree.
3
Tree is not balanced.
Average distance of nodes to root = 1.875
Average distance of nodes to root = 1.875
<7> is in tree.
<6> is in tree.
<7> is in tree.
{6, 3, 7, 1, 5, 0, 2, 4}
Average distance of nodes to root = 1.875
8
Tree is not balanced.
{0, 1, 2, 3, 4, 5, 6, 7}
{0, 1, 2, 3, 4, 5, 6, 7}
Tree is not balanced.
Tree is not balanced.
Average distance of nodes to root = 1.875
Tree is not balanced.
Tree is not balanced.
8
{0, 1, 2, 3, 4, 5, 6, 7}
{0, 1, 2, 3, 4, 5, 6, 7}
8
{0, 1, 2, 3, 4, 5, 6, 7}
<6> is in tree.
{6, 3, 7, 1, 5, 0, 2, 4}
{0, 1, 2, 3, 4, 5, 6, 7}
4
{0, 1, 2, 3, 4, 5, 6, 7}
<1> is in tree.
Average distance of nodes to root = 1.875
{0, 1, 2, 3, 4, 5, 6, 7}
{0, 1, 2, 3, 4, 5, 6, 7}
Average distance of nodes to root = 1.875
{0, 1, 2, 3, 4, 5, 6, 7}
8
{0, 1, 2, 3, 4, 5, 6, 7}
<5> is in tree.
<0> is in tree.
6
8
{6, 3, 7, 1, 5, 0, 2, 4}
{0, 1, 2, 3, 4, 5, 6, 7}
<4> is in tree.
Average distance of nodes to root = 1.875
Average distance of nodes to root = 1.875
<2> is in tree.
Tree is not balanced.
8
{0, 1, 2, 3, 4, 5, 6, 7}
8
{6, 3, 7, 1, 5, 0, 2, 4}
Average distance of nodes to root = 1.875
Average distance of nodes to root = 1.875
<1> is in tree.
<4> is in tree.
{6, 3, 7, 1, 5, 0, 2, 4}
7
{6, 3, 7, 1, 5, 0, 2, 4}
<6> is in tree.
3
Average distance of nodes to root = 1.875
Tree is not balanced.
<0> is in tree.
{6, 3, 7, 1, 5, 0, 2, 4}
Average distance of nodes to root = 1.875
7
{6, 3, 7, 1, 5, 0, 2, 4}
8
Tree is not balanced.
Tree is not balanced.
8
Average distance of nodes to root = 1.875
Tree is not balanced.
<1> is in tree.
Tree is not balanced.
Average distance of nodes to root = 1.875
Tree is not balanced.
8
Average distance of nodes to root = 1.875
8
3
Tree is not balanced.
<6> is in tree.
<2> is in tree.
<5> is in tree.
{6, 3, 7, 1, 5, 0, 2, 4}
8
7
{6, 3, 7, 1, 5, 0, 2, 4}
{6, 3, 7, 1, 5, 0, 2, 4}
<7> is in tree.
<6> is in tree.
Average distance of nodes to root = 1.875
Average distance of nodes to root = 1.875
Average distance of nodes to root = 1.875
Average distance of nodes to root = 1.875
<3> is in tree.
<0> is in tree.
8
{0, 1, 2, 3, 4, 5, 6, 7}
Tree is not balanced.
7
Average distance of nodes to root = 1.875
{0, 1, 2, 3, 4, 5, 6, 7}
Average distance of nodes to root = 1.875
Average distance of nodes to root = 1.875
<7> is in tree.
{0, 1, 2, 3, 4, 5, 6, 7}
Average distance of nodes to root = 1.875
{6, 3, 7, 1, 5, 0, 2, 4}
8
Average distance of nodes to root = 1.875
{6, 3, 7, 1, 5, 0, 2, 4}
Average distance of nodes to root = 1.875
4
{6, 3, 7, 1, 5, 0, 2, 4}
Tree is not balanced.
Tree is not balanced.
Tree is not balanced.
Average distance of nodes to root = 1.875
Tree is not balanced.
<2> is in tree.
{0, 1, 2, 3, 4, 5, 6, 7}
{6, 3, 7, 1, 5, 0, 2, 4}
<1> is in tree.
8
{0, 1, 2, 3, 4, 5, 6, 7}
{0, 1, 2, 3, 4, 5, 6, 7}
{0, 1, 2, 3, 4, 5, 6, 7}
<4> is in tree.
{6, 3, 7, 1, 5, 0, 2, 4}
Tree is not balanced.
Tree is not balanced.
7
{6, 3, 7, 1, 5, 0, 2, 4}
<0> is in tree.
Tree is not balanced.
Tree is not balanced.
3
6
Tree is not balanced.
{6, 3, 7, 1, 5, 0, 2, 4}
8
Tree is not balanced.
{0, 1, 2, 3, 4, 5, 6, 7}
<7> is in tree.
Tree is not balanced.
8
{0, 1, 2, 3, 4, 5, 6, 7}
Tree is not balanced.
8
8
8
8
Average distance of nodes to root = 1.875
Tree is not balanced.
4
{6, 3, 7, 1, 5, 0, 2, 4}
Average distance of nodes to root = 1.875
Average distance of nodes to root = 1.875
{6, 3, 7, 1, 5, 0, 2, 4}
5
8
Tree is not balanced.
Average distance of nodes to root = 1.875
Tree is not balanced.
<0> is in tree.
8
8
{6, 3, 7, 1, 5, 0, 2, 4}
2
<7> is in tree.
{6, 3, 7, 1, 5, 0, 2, 4}
{6, 3, 7, 1, 5, 0, 2, 4}
Tree is not balanced.
<6> is in tree.
Tree is not balanced.
8
0
1
Tree is not balanced.
Tree is not balanced.
{0, 1, 2, 3, 4, 5, 6, 7}
{0, 1, 2, 3, 4, 5, 6, 7}
Average distance of nodes to root = 1.875
{6, 3, 7, 1, 5, 0, 2, 4}
8
Average distance of nodes to root = 1.875
Tree is not balanced.
8
{0, 1, 2, 3, 4, 5, 6, 7}
{6, 3, 7, 1, 5, 0, 2, 4}
{0, 1, 2, 3, 4, 5, 6, 7}
Average distance of nodes to root = 1.875
{0, 1, 2, 3, 4, 5, 6, 7}
Average distance of nodes to root = 1.875
Tree is not balanced.
{0, 1, 2, 3, 4, 5, 6, 7}
{6, 3, 7, 1, 5, 0, 2, 4}
Average distance of nodes to root = 1.875
<7> is in tree.
{6, 3, 7, 1, 5, 0, 2, 4}
Average distance of nodes to root = 1.875
Average distance of nodes to root = 1.875
<7> is in tree.
Tree is not balanced.
{6, 3, 7, 1, 5, 0, 2, 4}
{6, 3, 7, 1, 5, 0, 2, 4}
Average distance of nodes to root = 1.875
Average distance of nodes to root = 1.875
Average distance of nodes to root = 1.875
Tree is not balanced.
8
Tree is not balanced.
<5> is in tree.
8
Average distance of nodes to root = 1.875
8
{0, 1, 2, 3, 4, 5, 6, 7}
Tree is not balanced.
Tree is not balanced.
Tree is not balanced.
4
Tree is not balanced.
8
Tree is not balanced.
{0, 1, 2, 3, 4, 5, 6, 7}
8
<7> is in tree.
5
1
Average distance of nodes to root = 1.875
<2> is in tree.
2
{6, 3, 7, 1, 5, 0, 2, 4}
Tree is not balanced.
{0, 1, 2, 3, 4, 5, 6, 7}
{6, 3, 7, 1, 5, 0, 2, 4}
{0, 1, 2, 3, 4, 5, 6, 7}
Tree is not balanced.
{6, 3, 7, 1, 5, 0, 2, 4}
<3> is in tree.
8
{0, 1, 2, 3, 4, 5, 6, 7}
2
{0, 1, 2, 3, 4, 5, 6, 7}
Tree is not balanced.
7
8
Tree is not balanced.
8
3
3
{0, 1, 2, 3, 4, 5, 6, 7}
{6, 3, 7, 1, 5, 0, 2, 4}
3
Average distance of nodes to root = 1.875
8
8
8
<2> is in tree.
6
Average distance of nodes to root = 1.875
8
{6, 3, 7, 1, 5, 0, 2, 4}
{0, 1, 2, 3, 4, 5, 6, 7}
<1> is in tree.
Average distance of nodes to root = 1.875
8
Average distance of nodes to root = 1.875
{6, 3, 7, 1, 5, 0, 2, 4}
0
Tree is not balanced.
{6, 3, 7, 1, 5, 0, 2, 4}
Tree is not balanced.
Average distance of nodes to root = 1.875
8
7
<3> is in tree.
{6, 3, 7, 1, 5, 0, 2, 4}
8
8
{0, 1, 2, 3, 4, 5, 6, 7}
{0, 1, 2, 3, 4, 5, 6, 7}
<5> is in tree.
{0, 1, 2, 3, 4, 5, 6, 7}
8
<3> is in tree.
{0, 1, 2, 3, 4, 5, 6, 7}
Tree is not balanced.
<7> is in tree.
Average distance of nodes to root = 1.875
Tree is not balanced.
{6, 3, 7, 1, 5, 0, 2, 4}
<4> is in tree.
6
Tree is not balanced.
<5> is in tree.
{0, 1, 2, 3, 4, 5, 6, 7}
Average distance of nodes to root = 1.875
{6, 3, 7, 1, 5, 0, 2, 4}
Tree is not balanced.
Tree is not balanced.
8
{0, 1, 2, 3, 4, 5, 6, 7}
8
8
<3> is in tree.
0
<2> is in tree.
Tree is not balanced.
1
8
<7> is in tree.
{0, 1, 2, 3, 4, 5, 6, 7}
5
{6, 3, 7, 1, 5, 0, 2, 4}
{6, 3, 7, 1, 5, 0, 2, 4}
Average distance of nodes to root = 1.875
<6> is in tree.
Tree is not balanced.
{0, 1, 2, 3, 4, 5, 6, 7}
{6, 3, 7, 1, 5, 0, 2, 4}
Average distance of nodes to root = 1.875
<4> is in tree.
{6, 3, 7, 1, 5, 0, 2, 4}
8
8
<6> is in tree.
Average distance of nodes to root = 1.875
<0> is in tree.
Tree is not balanced.
8
Tree is not balanced.
8
<4> is in tree.
8
Tree is not balanced.
Tree is not balanced.
4
{0, 1, 2, 3, 4, 5, 6, 7}
Tree is not balanced.
5
Average distance of nodes to root = 1.875
<6> is in tree.
<2> is in tree.
{6, 3, 7, 1, 5, 0, 2, 4}
8
{0, 1, 2, 3, 4, 5, 6, 7}
7
{0, 1, 2, 3, 4, 5, 6, 7}
8
{0, 1, 2, 3, 4, 5, 6, 7}
{6, 3, 7, 1, 5, 0, 2, 4}
{0, 1, 2, 3, 4, 5, 6, 7}
<3> is in tree.
{6, 3, 7, 1, 5, 0, 2, 4}
8
Tree is not balanced.
Average distance of nodes to root = 1.875
{0, 1, 2, 3, 4, 5, 6, 7}
Tree is not balanced.
8
8
Tree is not balanced.
{0, 1, 2, 3, 4, 5, 6, 7}
{6, 3, 7, 1, 5, 0, 2, 4}
{0, 1, 2, 3, 4, 5, 6, 7}
2
Tree is not balanced.
{6, 3, 7, 1, 5, 0, 2, 4}
{0, 1, 2, 3, 4, 5, 6, 7}
Tree is not balanced.
<6> is in tree.
Average distance of nodes to root = 1.875
{0, 1, 2, 3, 4, 5, 6, 7}
0
Tree is not balanced.
8
Average distance of nodes to root = 1.875
<6> is in tree.
{6, 3, 7, 1, 5, 0, 2, 4}
{6, 3, 7, 1, 5, 0, 2, 4}
8
Tree is not balanced.
{6, 3, 7, 1, 5, 0, 2, 4}
{6, 3, 7, 1, 5, 0, 2, 4}
Average distance of nodes to root = 1.875
Average distance of nodes to root = 1.875
Average distance of nodes to root = 1.875
{6, 3, 7, 1, 5, 0, 2, 4}
8
8
Tree is not balanced.
{6, 3, 7, 1, 5, 0, 2, 4}
{0, 1, 2, 3, 4, 5, 6, 7}
7
Average distance of nodes to root = 1.875
8
Average distance of nodes to root = 1.875
Tree is not balanced.
Average distance of nodes to root = 1.875
Average distance of nodes to root = 1.875
{0, 1, 2, 3, 4, 5, 6, 7}
8
{0, 1, 2, 3, 4, 5, 6, 7}
{0, 1, 2, 3, 4, 5, 6, 7}
Tree is not balanced.
Average distance of nodes to root = 1.875
Average distance of nodes to root = 1.875
3
8
Average distance of nodes to root = 1.875
{6, 3, 7, 1, 5, 0, 2, 4}
7
<4> is in tree.
8
8
8
<5> is in tree.
{0, 1, 2, 3, 4, 5, 6, 7}
{0, 1, 2, 3, 4, 5, 6, 7}
{6, 3, 7, 1, 5, 0, 2, 4}
<2> is in tree.
{6, 3, 7, 1, 5, 0, 2, 4}
Tree is not balanced.
<0> is in tree.
Average distance of nodes to root = 1.875
{0, 1, 2, 3, 4, 5, 6, 7}
8
{0, 1, 2, 3, 4, 5, 6, 7}
8
<3> is in tree.
{0, 1, 2, 3, 4, 5, 6, 7}
{0, 1, 2, 3, 4, 5, 6, 7}
2
Average distance of nodes to root = 1.875
8
Average distance of nodes to root = 1.875
8
{6, 3, 7, 1, 5, 0, 2, 4}
Average distance of nodes to root = 1.875
{6, 3, 7, 1, 5, 0, 2, 4}
{0, 1, 2, 3, 4, 5, 6, 7}
8
{0, 1, 2, 3, 4, 5, 6, 7}
{0, 1, 2, 3, 4, 5, 6, 7}
8
Tree is not balanced.
0
{6, 3, 7, 1, 5, 0, 2, 4}
Average distance of nodes to root = 1.875
{6, 3, 7, 1, 5, 0, 2, 4}
0
{6, 3, 7, 1, 5, 0, 2, 4}
{0, 1, 2, 3, 4, 5, 6, 7}
Tree is not balanced.
Average distance of nodes to root = 1.875
3
{0, 1, 2, 3, 4, 5, 6, 7}
8
<3> is in tree.
{6, 3, 7, 1, 5, 0, 2, 4}
1
<5> is in tree.
Tree is not balanced.
1
<0> is in tree.
Average distance of nodes to root = 1.875
{0, 1, 2, 3, 4, 5, 6, 7}
Tree is not balanced.
8
Tree is not balanced.
Average distance of nodes to root = 1.875
{6, 3, 7, 1, 5, 0, 2, 4}
Average distance of nodes to root = 1.875
8
8
Tree is not balanced.
Tree is not balanced.
{0, 1, 2, 3, 4, 5, 6, 7}
<6> is in tree.
Average distance of nodes to root = 1.875
Tree is not balanced.
<4> is in tree.
Average distance of nodes to root = 1.875
Tree is not balanced.
<6> is in tree.
Tree is not balanced.
<1> is in tree.
<3> is in tree.
Average distance of nodes to root = 1.875
{0, 1, 2, 3, 4, 5, 6, 7}
3
0
Tree is not balanced.
<7> is in tree.
8
{6, 3, 7, 1, 5, 0, 2, 4}
8
Tree is not balanced.
{6, 3, 7, 1, 5, 0, 2, 4}
{6, 3, 7, 1, 5, 0, 2, 4}
4
{6, 3, 7, 1, 5, 0, 2, 4}
8
{6, 3, 7, 1, 5, 0, 2, 4}
8
{0, 1, 2, 3, 4, 5, 6, 7}
<0> is in tree.
<4> is in tree.
{6, 3, 7, 1, 5, 0, 2, 4}
Tree is not balanced.
Tree is not balanced.
{0, 1, 2, 3, 4, 5, 6, 7}
Tree is not balanced.
8
Tree is not balanced.
{0, 1, 2, 3, 4, 5, 6, 7}
1
{0, 1, 2, 3, 4, 5, 6, 7}
{0, 1, 2, 3, 4, 5, 6, 7}
8
{6, 3, 7, 1, 5, 0, 2, 4}
Average distance of nodes to root = 1.875
Average distance of nodes to root = 1.875
8
{0, 1, 2, 3, 4, 5, 6, 7}
2
Average distance of nodes to root = 1.875
{0, 1, 2, 3, 4, 5, 6, 7}
8
8
{0, 1, 2, 3, 4, 5, 6, 7}
8
<2> is in tree.
Tree is not balanced.
8
Tree is not balanced.
<7> is in tree.
{0, 1, 2, 3, 4, 5, 6, 7}
8
{0, 1, 2, 3, 4, 5, 6, 7}
<3> is in tree.
{6, 3, 7, 1, 5, 0, 2, 4}
<1> is in tree.
<1> is in tree.
5
{0, 1, 2, 3, 4, 5, 6, 7}
Average distance of nodes to root = 1.875
<7> is in tree.
{6, 3, 7, 1, 5, 0, 2, 4}
{6, 3, 7, 1, 5, 0, 2, 4}
{0, 1, 2, 3, 4, 5, 6, 7}
<0> is in tree.
{0, 1, 2, 3, 4, 5, 6, 7}
Average distance of nodes to root = 1.875
Average distance of nodes to root = 1.875
8
1
Average distance of nodes to root = 1.875
<0> is in tree.
{0, 1, 2, 3, 4, 5, 6, 7}
8
Tree is not balanced.
