{}
{}
{}
7
<7> is not in tree.
{}
<2> is not in tree.
0
{}
{}
Tree is balanced.
0
5
{6, 7}
Average distance of nodes to root = 0.5
0
2
Tree is balanced.
{6, 7}
{1, 5, 6, 7}
{1, 5, 6, 7}
4
{6, 5, 7, 1}
5
<3> is in tree.
5
<0> is not in tree.
0
{1, 3, 5, 6, 7}
Tree is not balanced.
Average distance of nodes to root = 1.4
3
{1, 3, 5, 6, 7}
{6, 5, 7, 1, 3}
1
{1, 3, 5, 6, 7}
Tree is not balanced.
<5> is in tree.
1
{1, 3, 5, 6, 7}
Average distance of nodes to root = 1.4
<7> is in tree.
5
7
<2> is not in tree.
{6, 5, 7, 1, 3}
{6, 5, 7, 1, 3}
{6, 5, 7, 1, 3}
<3> is in tree.
{1, 3, 5, 6, 7}
5
0
Average distance of nodes to root = 1.4
<3> is in tree.
Average distance of nodes to root = 1.4
Average distance of nodes to root = 1.4
<1> is in tree.
<7> is in tree.
{6, 5, 7, 1, 3}
5
5
Average distance of nodes to root = 1.4
{6, 5, 7, 1, 3}
2
<0> is not in tree.
5
<1> is in tree.
Tree is not balanced.
{6, 5, 7, 1, 3}
{6, 5, 7, 1, 3}
{1, 3, 5, 6, 7}
{1, 3, 5, 6, 7}
5
Average distance of nodes to root = 1.4
0
<0> is not in tree.
Tree is not balanced.
1
<5> is in tree.
{6, 5, 7, 1, 3}
Tree is not balanced.
{1, 3, 5, 6, 7}
Tree is not balanced.
{6, 5, 7, 1, 3}
5
{1, 3, 5, 6, 7}
{1, 3, 4, 5, 6, 7}
<1> is in tree.
<7> is in tree.
2
Tree is not balanced.
{1, 3, 4, 5, 6, 7}
6
<5> is in tree.
{0, 1, 2, 3, 4, 5, 6, 7}
3
0
<1> is in tree.
8
{0, 1, 2, 3, 4, 5, 6, 7}
5
0
{0, 1, 2, 3, 4, 5, 6, 7}
8
{6, 5, 7, 1, 0, 3, 2, 4}
3
Average distance of nodes to root = 2.25
Average distance of nodes to root = 2.25
0
<3> is in tree.
<0> is in tree.
6
{0, 1, 2, 3, 4, 5, 6, 7}
4
5
{6, 5, 7, 1, 0, 3, 2, 4}
Average distance of nodes to root = 2.25
{0, 1, 2, 3, 4, 5, 6, 7}
{0, 1, 2, 3, 4, 5, 6, 7}
Tree is not balanced.
<2> is in tree.
8
3
<6> is in tree.
8
Tree is not balanced.
{6, 5, 7, 1, 0, 3, 2, 4}
{0, 1, 2, 3, 4, 5, 6, 7}
Tree is not balanced.
8
3
{0, 1, 2, 3, 4, 5, 6, 7}
{6, 5, 7, 1, 0, 3, 2, 4}
Average distance of nodes to root = 2.25
0
<1> is in tree.
Tree is not balanced.
{6, 5, 7, 1, 0, 3, 2, 4}
8
8
Average distance of nodes to root = 2.25
{6, 5, 7, 1, 0, 3, 2, 4}
<2> is in tree.
Tree is not balanced.
8
{6, 5, 7, 1, 0, 3, 2, 4}
Average distance of nodes to root = 2.25
4
{6, 5, 7, 1, 0, 3, 2, 4}
3
8
{0, 1, 2, 3, 4, 5, 6, 7}
{0, 1, 2, 3, 4, 5, 6, 7}
Average distance of nodes to root = 2.25
Average distance of nodes to root = 2.25
{6, 5, 7, 1, 0, 3, 2, 4}
1
Tree is not balanced.
{0, 1, 2, 3, 4, 5, 6, 7}
<1> is in tree.
1
{6, 5, 7, 1, 0, 3, 2, 4}
0
{0, 1, 2, 3, 4, 5, 6, 7}
Average distance of nodes to root = 2.25
{6, 5, 7, 1, 0, 3, 2, 4}
8
{6, 5, 7, 1, 0, 3, 2, 4}
Tree is not balanced.
<2> is in tree.
<0> is in tree.
<3> is in tree.
8
<7> is in tree.
5
Tree is not balanced.
{0, 1, 2, 3, 4, 5, 6, 7}
7
0
Average distance of nodes to root = 2.25
8
Tree is not balanced.
<4> is in tree.
Tree is not balanced.
{6, 5, 7, 1, 0, 3, 2, 4}
<3> is in tree.
{0, 1, 2, 3, 4, 5, 6, 7}
8
Tree is not balanced.
{6, 5, 7, 1, 0, 3, 2, 4}
Tree is not balanced.
<2> is in tree.
0
8
{0, 1, 2, 3, 4, 5, 6, 7}
5
{6, 5, 7, 1, 0, 3, 2, 4}
{6, 5, 7, 1, 0, 3, 2, 4}
{6, 5, 7, 1, 0, 3, 2, 4}
{0, 1, 2, 3, 4, 5, 6, 7}
Tree is not balanced.
8
Average distance of nodes to root = 2.25
8
<7> is in tree.
Tree is not balanced.
<3> is in tree.
{0, 1, 2, 3, 4, 5, 6, 7}
Average distance of nodes to root = 2.25
{6, 5, 7, 1, 0, 3, 2, 4}
{6, 5, 7, 1, 0, 3, 2, 4}
8
8
Tree is not balanced.
Average distance of nodes to root = 2.25
{0, 1, 2, 3, 4, 5, 6, 7}
{6, 5, 7, 1, 0, 3, 2, 4}
{0, 1, 2, 3, 4, 5, 6, 7}
8
Average distance of nodes to root = 2.25
{6, 5, 7, 1, 0, 3, 2, 4}
{6, 5, 7, 1, 0, 3, 2, 4}
Tree is not balanced.
{6, 5, 7, 1, 0, 3, 2, 4}
<1> is in tree.
8
{0, 1, 2, 3, 4, 5, 6, 7}
Tree is not balanced.
Average distance of nodes to root = 2.25
<3> is in tree.
Average distance of nodes to root = 2.25
{0, 1, 2, 3, 4, 5, 6, 7}
8
5
4
{6, 5, 7, 1, 0, 3, 2, 4}
<5> is in tree.
Tree is not balanced.
2
<5> is in tree.
{0, 1, 2, 3, 4, 5, 6, 7}
Average distance of nodes to root = 2.25
0
8
Average distance of nodes to root = 2.25
Average distance of nodes to root = 2.25
<3> is in tree.
0
{6, 5, 7, 1, 0, 3, 2, 4}
8
{6, 5, 7, 1, 0, 3, 2, 4}
{6, 5, 7, 1, 0, 3, 2, 4}
Tree is not balanced.
8
Tree is not balanced.
Tree is not balanced.
Average distance of nodes to root = 2.25
Average distance of nodes to root = 2.25
Tree is not balanced.
Tree is not balanced.
Tree is not balanced.
Average distance of nodes to root = 2.25
Average distance of nodes to root = 2.25
3
Average distance of nodes to root = 2.25
Average distance of nodes to root = 2.25
<3> is in tree.
5
5
<2> is in tree.
8
Tree is not balanced.
{0, 1, 2, 3, 4, 5, 6, 7}
Tree is not balanced.
<7> is in tree.
1
Tree is not balanced.
{0, 1, 2, 3, 4, 5, 6, 7}
<2> is in tree.
Tree is not balanced.
Tree is not balanced.
<3> is in tree.
{6, 5, 7, 1, 0, 3, 2, 4}
Tree is not balanced.
{6, 5, 7, 1, 0, 3, 2, 4}
Tree is not balanced.
Average distance of nodes to root = 2.25
2
{0, 1, 2, 3, 4, 5, 6, 7}
<0> is in tree.
Average distance of nodes to root = 2.25
Average distance of nodes to root = 2.25
{6, 5, 7, 1, 0, 3, 2, 4}
{6, 5, 7, 1, 0, 3, 2, 4}
4
{6, 5, 7, 1, 0, 3, 2, 4}
8
Tree is not balanced.
Average distance of nodes to root = 2.25
8
<6> is in tree.
Tree is not balanced.
Average distance of nodes to root = 2.25
<7> is in tree.
2
{6, 5, 7, 1, 0, 3, 2, 4}
Tree is not balanced.
3
6
Average distance of nodes to root = 2.25
Tree is not balanced.
<1> is in tree.
8
<1> is in tree.
Tree is not balanced.
6
6
Average distance of nodes to root = 2.25
3
8
{0, 1, 2, 3, 4, 5, 6, 7}
{6, 5, 7, 1, 0, 3, 2, 4}
<2> is in tree.
<5> is in tree.
8
8
8
Tree is not balanced.
{0, 1, 2, 3, 4, 5, 6, 7}
{6, 5, 7, 1, 0, 3, 2, 4}
Tree is not balanced.
Tree is not balanced.
{6, 5, 7, 1, 0, 3, 2, 4}
<5> is in tree.
8
1
Average distance of nodes to root = 2.25
Tree is not balanced.
Average distance of nodes to root = 2.25
Average distance of nodes to root = 2.25
Average distance of nodes to root = 2.25
Average distance of nodes to root = 2.25
{0, 1, 2, 3, 4, 5, 6, 7}
Average distance of nodes to root = 2.25
{0, 1, 2, 3, 4, 5, 6, 7}
5
Tree is not balanced.
8
<3> is in tree.
{0, 1, 2, 3, 4, 5, 6, 7}
8
Tree is not balanced.
<1> is in tree.
<5> is in tree.
Average distance of nodes to root = 2.25
Tree is not balanced.
Average distance of nodes to root = 2.25
{0, 1, 2, 3, 4, 5, 6, 7}
{0, 1, 2, 3, 4, 5, 6, 7}
{6, 5, 7, 1, 0, 3, 2, 4}
8
{0, 1, 2, 3, 4, 5, 6, 7}
{6, 5, 7, 1, 0, 3, 2, 4}
8
{6, 5, 7, 1, 0, 3, 2, 4}
4
{6, 5, 7, 1, 0, 3, 2, 4}
Tree is not balanced.
<7> is in tree.
8
6
8
{0, 1, 2, 3, 4, 5, 6, 7}
{6, 5, 7, 1, 0, 3, 2, 4}
8
2
8
<2> is in tree.
3
Tree is not balanced.
{0, 1, 2, 3, 4, 5, 6, 7}
4
<3> is in tree.
8
<2> is in tree.
{6, 5, 7, 1, 0, 3, 2, 4}
6
8
4
Tree is not balanced.
{0, 1, 2, 3, 4, 5, 6, 7}
{6, 5, 7, 1, 0, 3, 2, 4}
<4> is in tree.
{6, 5, 7, 1, 0, 3, 2, 4}
7
8
4
Average distance of nodes to root = 2.25
{6, 5, 7, 1, 0, 3, 2, 4}
<3> is in tree.
{6, 5, 7, 1, 0, 3, 2, 4}
8
8
2
{0, 1, 2, 3, 4, 5, 6, 7}
{0, 1, 2, 3, 4, 5, 6, 7}
1
{6, 5, 7, 1, 0, 3, 2, 4}
Average distance of nodes to root = 2.25
8
8
{0, 1, 2, 3, 4, 5, 6, 7}
{6, 5, 7, 1, 0, 3, 2, 4}
2
{6, 5, 7, 1, 0, 3, 2, 4}
Tree is not balanced.
{0, 1, 2, 3, 4, 5, 6, 7}
{0, 1, 2, 3, 4, 5, 6, 7}
{6, 5, 7, 1, 0, 3, 2, 4}
8
Tree is not balanced.
<7> is in tree.
{6, 5, 7, 1, 0, 3, 2, 4}
Average distance of nodes to root = 2.25
7
<2> is in tree.
{0, 1, 2, 3, 4, 5, 6, 7}
Tree is not balanced.
Tree is not balanced.
{0, 1, 2, 3, 4, 5, 6, 7}
Tree is not balanced.
<5> is in tree.
Average distance of nodes to root = 2.25
{0, 1, 2, 3, 4, 5, 6, 7}
3
6
{6, 5, 7, 1, 0, 3, 2, 4}
{6, 5, 7, 1, 0, 3, 2, 4}
8
{6, 5, 7, 1, 0, 3, 2, 4}
Average distance of nodes to root = 2.25
8
<0> is in tree.
6
<2> is in tree.
Average distance of nodes to root = 2.25
8
{0, 1, 2, 3, 4, 5, 6, 7}
2
8
5
7
8
8
7
0
{6, 5, 7, 1, 0, 3, 2, 4}
<1> is in tree.
{0, 1, 2, 3, 4, 5, 6, 7}
Average distance of nodes to root = 2.25
<7> is in tree.
Tree is not balanced.
3
8
{0, 1, 2, 3, 4, 5, 6, 7}
<4> is in tree.
{0, 1, 2, 3, 4, 5, 6, 7}
Average distance of nodes to root = 2.25
Average distance of nodes to root = 2.25
8
<5> is in tree.
Average distance of nodes to root = 2.25
{0, 1, 2, 3, 4, 5, 6, 7}
{0, 1, 2, 3, 4, 5, 6, 7}
{0, 1, 2, 3, 4, 5, 6, 7}
<5> is in tree.
Average distance of nodes to root = 2.25
5
Average distance of nodes to root = 2.25
Tree is not balanced.
Tree is not balanced.
{0, 1, 2, 3, 4, 5, 6, 7}
{0, 1, 2, 3, 4, 5, 6, 7}
Tree is not balanced.
8
Tree is not balanced.
{6, 5, 7, 1, 0, 3, 2, 4}
8
Tree is not balanced.
7
{0, 1, 2, 3, 4, 5, 6, 7}
{0, 1, 2, 3, 4, 5, 6, 7}
{6, 5, 7, 1, 0, 3, 2, 4}
1
Tree is not balanced.
Average distance of nodes to root = 2.25
Tree is not balanced.
8
8
{6, 5, 7, 1, 0, 3, 2, 4}
8
Tree is not balanced.
<6> is in tree.
{6, 5, 7, 1, 0, 3, 2, 4}
7
Tree is not balanced.
<4> is in tree.
<2> is in tree.
{0, 1, 2, 3, 4, 5, 6, 7}
2
{6, 5, 7, 1, 0, 3, 2, 4}
{0, 1, 2, 3, 4, 5, 6, 7}
Average distance of nodes to root = 2.25
{0, 1, 2, 3, 4, 5, 6, 7}
Tree is not balanced.
{0, 1, 2, 3, 4, 5, 6, 7}
8
Average distance of nodes to root = 2.25
2
{0, 1, 2, 3, 4, 5, 6, 7}
<7> is in tree.
Tree is not balanced.
<1> is in tree.
{0, 1, 2, 3, 4, 5, 6, 7}
{0, 1, 2, 3, 4, 5, 6, 7}
3
{0, 1, 2, 3, 4, 5, 6, 7}
<7> is in tree.
0
5
{0, 1, 2, 3, 4, 5, 6, 7}
<6> is in tree.
{0, 1, 2, 3, 4, 5, 6, 7}
Average distance of nodes to root = 2.25
Average distance of nodes to root = 2.25
8
Average distance of nodes to root = 2.25
<5> is in tree.
2
8
8
{6, 5, 7, 1, 0, 3, 2, 4}
<2> is in tree.
{0, 1, 2, 3, 4, 5, 6, 7}
<7> is in tree.
{0, 1, 2, 3, 4, 5, 6, 7}
Tree is not balanced.
{6, 5, 7, 1, 0, 3, 2, 4}
<5> is in tree.
{6, 5, 7, 1, 0, 3, 2, 4}
6
<7> is in tree.
Average distance of nodes to root = 2.25
3
1
<5> is in tree.
8
<7> is in tree.
Tree is not balanced.
{6, 5, 7, 1, 0, 3, 2, 4}
<2> is in tree.
8
Average distance of nodes to root = 2.25
8
{6, 5, 7, 1, 0, 3, 2, 4}
Average distance of nodes to root = 2.25
Average distance of nodes to root = 2.25
{0, 1, 2, 3, 4, 5, 6, 7}
{0, 1, 2, 3, 4, 5, 6, 7}
8
Tree is not balanced.
{0, 1, 2, 3, 4, 5, 6, 7}
{0, 1, 2, 3, 4, 5, 6, 7}
{0, 1, 2, 3, 4, 5, 6, 7}
{0, 1, 2, 3, 4, 5, 6, 7}
6
{0, 1, 2, 3, 4, 5, 6, 7}
Average distance of nodes to root = 2.25
{0, 1, 2, 3, 4, 5, 6, 7}
{6, 5, 7, 1, 0, 3, 2, 4}
<1> is in tree.
5
8
Tree is not balanced.
Average distance of nodes to root = 2.25
<3> is in tree.
<3> is in tree.
Tree is not balanced.
<3> is in tree.
Average distance of nodes to root = 2.25
{0, 1, 2, 3, 4, 5, 6, 7}
<5> is in tree.
8
<2> is in tree.
Average distance of nodes to root = 2.25
{6, 5, 7, 1, 0, 3, 2, 4}
4
{6, 5, 7, 1, 0, 3, 2, 4}
{0, 1, 2, 3, 4, 5, 6, 7}
<0> is in tree.
{0, 1, 2, 3, 4, 5, 6, 7}
7
Tree is not balanced.
Tree is not balanced.
Average distance of nodes to root = 2.25
<1> is in tree.
<7> is in tree.
<6> is in tree.
2
Tree is not balanced.
Tree is not balanced.
2
8
{0, 1, 2, 3, 4, 5, 6, 7}
5
{0, 1, 2, 3, 4, 5, 6, 7}
Tree is not balanced.
{0, 1, 2, 3, 4, 5, 6, 7}
7
Tree is not balanced.
Average distance of nodes to root = 2.25
{6, 5, 7, 1, 0, 3, 2, 4}
Average distance of nodes to root = 2.25
{6, 5, 7, 1, 0, 3, 2, 4}
<7> is in tree.
4
4
{0, 1, 2, 3, 4, 5, 6, 7}
3
8
{0, 1, 2, 3, 4, 5, 6, 7}
{6, 5, 7, 1, 0, 3, 2, 4}
<3> is in tree.
8
Tree is not balanced.
<2> is in tree.
Average distance of nodes to root = 2.25
Average distance of nodes to root = 2.25
Tree is not balanced.
6
<3> is in tree.
Average distance of nodes to root = 2.25
{0, 1, 2, 3, 4, 5, 6, 7}
Tree is not balanced.
Tree is not balanced.
Tree is not balanced.
2
<1> is in tree.
7
8
Tree is not balanced.
Average distance of nodes to root = 2.25
5
<5> is in tree.
0
8
{6, 5, 7, 1, 0, 3, 2, 4}
{0, 1, 2, 3, 4, 5, 6, 7}
{6, 5, 7, 1, 0, 3, 2, 4}
{0, 1, 2, 3, 4, 5, 6, 7}
{6, 5, 7, 1, 0, 3, 2, 4}
{6, 5, 7, 1, 0, 3, 2, 4}
{0, 1, 2, 3, 4, 5, 6, 7}
{6, 5, 7, 1, 0, 3, 2, 4}
6
Tree is not balanced.
<7> is in tree.
Tree is not balanced.
<3> is in tree.
Tree is not balanced.
{6, 5, 7, 1, 0, 3, 2, 4}
{6, 5, 7, 1, 0, 3, 2, 4}
Average distance of nodes to root = 2.25
Average distance of nodes to root = 2.25
Average distance of nodes to root = 2.25
{0, 1, 2, 3, 4, 5, 6, 7}
3
{6, 5, 7, 1, 0, 3, 2, 4}
Average distance of nodes to root = 2.25
Tree is not balanced.
8
{0, 1, 2, 3, 4, 5, 6, 7}
5
8
{0, 1, 2, 3, 4, 5, 6, 7}
<7> is in tree.
8
8
{6, 5, 7, 1, 0, 3, 2, 4}
{0, 1, 2, 3, 4, 5, 6, 7}
{0, 1, 2, 3, 4, 5, 6, 7}
8
{6, 5, 7, 1, 0, 3, 2, 4}
Average distance of nodes to root = 2.25
{6, 5, 7, 1, 0, 3, 2, 4}
{6, 5, 7, 1, 0, 3, 2, 4}
{0, 1, 2, 3, 4, 5, 6, 7}
{6, 5, 7, 1, 0, 3, 2, 4}
Tree is not balanced.
{6, 5, 7, 1, 0, 3, 2, 4}
Tree is not balanced.
{0, 1, 2, 3, 4, 5, 6, 7}
8
Tree is not balanced.
8
<7> is in tree.
8
{0, 1, 2, 3, 4, 5, 6, 7}
Average distance of nodes to root = 2.25
Average distance of nodes to root = 2.25
<3> is in tree.
<5> is in tree.
Average distance of nodes to root = 2.25
{6, 5, 7, 1, 0, 3, 2, 4}
Average distance of nodes to root = 2.25
{6, 5, 7, 1, 0, 3, 2, 4}
7
<7> is in tree.
Average distance of nodes to root = 2.25
7
0
5
Average distance of nodes to root = 2.25
Tree is not balanced.
Tree is not balanced.
8
<2> is in tree.
0
0
{6, 5, 7, 1, 0, 3, 2, 4}
Average distance of nodes to root = 2.25
{0, 1, 2, 3, 4, 5, 6, 7}
Tree is not balanced.
2
8
{6, 5, 7, 1, 0, 3, 2, 4}
<3> is in tree.
Tree is not balanced.
Average distance of nodes to root = 2.25
6
1
{0, 1, 2, 3, 4, 5, 6, 7}
Tree is not balanced.
Average distance of nodes to root = 2.25
Tree is not balanced.
Tree is not balanced.
{0, 1, 2, 3, 4, 5, 6, 7}
Tree is not balanced.
7
Tree is not balanced.
8
{0, 1, 2, 3, 4, 5, 6, 7}
8
{6, 5, 7, 1, 0, 3, 2, 4}
{6, 5, 7, 1, 0, 3, 2, 4}
{6, 5, 7, 1, 0, 3, 2, 4}
<5> is in tree.
8
Average distance of nodes to root = 2.25
{0, 1, 2, 3, 4, 5, 6, 7}
8
3
Average distance of nodes to root = 2.25
<5> is in tree.
8
<1> is in tree.
8
{0, 1, 2, 3, 4, 5, 6, 7}
{0, 1, 2, 3, 4, 5, 6, 7}
7
2
{0, 1, 2, 3, 4, 5, 6, 7}
8
8
8
8
8
6
Tree is not balanced.
8
{0, 1, 2, 3, 4, 5, 6, 7}
Tree is not balanced.
Average distance of nodes to root = 2.25
8
6
6
{0, 1, 2, 3, 4, 5, 6, 7}
Tree is not balanced.
Average distance of nodes to root = 2.25
Average distance of nodes to root = 2.25
Tree is not balanced.
8
{6, 5, 7, 1, 0, 3, 2, 4}
Tree is not balanced.
{0, 1, 2, 3, 4, 5, 6, 7}
{6, 5, 7, 1, 0, 3, 2, 4}
3
0
<6> is in tree.
<1> is in tree.
{0, 1, 2, 3, 4, 5, 6, 7}
{0, 1, 2, 3, 4, 5, 6, 7}
<3> is in tree.
8
Tree is not balanced.
5
8
{6, 5, 7, 1, 0, 3, 2, 4}
Average distance of nodes to root = 2.25
6
2
<4> is in tree.
Average distance of nodes to root = 2.25
Average distance of nodes to root = 2.25
<2> is in tree.
1
<5> is in tree.
8
<3> is in tree.
8
8
Average distance of nodes to root = 2.25
{0, 1, 2, 3, 4, 5, 6, 7}
<7> is in tree.
Tree is not balanced.
2
Average distance of nodes to root = 2.25
<6> is in tree.
{6, 5, 7, 1, 0, 3, 2, 4}
<1> is in tree.
0
<6> is in tree.
8
<5> is in tree.
Average distance of nodes to root = 2.25
Tree is not balanced.
2
Tree is not balanced.
Average distance of nodes to root = 2.25
<7> is in tree.
8
{6, 5, 7, 1, 0, 3, 2, 4}
{6, 5, 7, 1, 0, 3, 2, 4}
<6> is in tree.
Tree is not balanced.
8
{0, 1, 2, 3, 4, 5, 6, 7}
8
<7> is in tree.
{0, 1, 2, 3, 4, 5, 6, 7}
Average distance of nodes to root = 2.25
<3> is in tree.
Average distance of nodes to root = 2.25
Tree is not balanced.
<3> is in tree.
{0, 1, 2, 3, 4, 5, 6, 7}
0
Average distance of nodes to root = 2.25
{0, 1, 2, 3, 4, 5, 6, 7}
8
